<?xml version="1.0" encoding="utf-8"?>
<TestRun id="9373a35d-741e-4ac4-b786-197611f653d6" name="CharlesMcCullough@MSI 2022-12-29 12:07:13" runUser="AzureAD\CharlesMcCullough" xmlns="http://microsoft.com/schemas/VisualStudio/TeamTest/2010">
  <Times creation="2022-12-29T12:07:13.2580753-06:00" queuing="2022-12-29T12:07:13.2580756-06:00" start="2022-12-29T12:07:11.9344043-06:00" finish="2022-12-29T12:07:13.3493112-06:00" />
  <TestSettings name="default" id="3ba4f43f-f7bb-4027-9067-9369652ce1d1">
    <Deployment runDeploymentRoot="CharlesMcCullough_MSI_2022-12-29_12_07_13" />
  </TestSettings>
  <Results>
    <UnitTestResult executionId="97fdb99b-0072-4b54-a954-24626daf3183" testId="9494a386-627a-d9e9-f044-8a9379f54cd7" testName="S2Cognition.Integrations.Monday.Core.Tests.Internal.QueryOptionsTests.EnsureGetTeamCanReturnMinimums" computerName="MSI" duration="00:00:00.0019268" startTime="2022-12-29T12:07:13.2447436-06:00" endTime="2022-12-29T12:07:13.2447437-06:00" testType="13cdc9d9-ddb5-4fa4-a97d-d965ccfc6d4b" outcome="Passed" testListId="8c84fa94-04c1-424b-9868-57a2d4851a1d" relativeResultsDirectory="97fdb99b-0072-4b54-a954-24626daf3183" />
    <UnitTestResult executionId="c1918d72-2867-4eed-be01-3b0ab19025f3" testId="4020b962-22b9-9020-b548-6e681ed8f485" testName="S2Cognition.Integrations.Monday.Core.Tests.Internal.QueryOptionsTests.EnsureGetUsersWithNewQueryOptionsDefaultsToSameAsOriginalQuery" computerName="MSI" duration="00:00:00.0010159" startTime="2022-12-29T12:07:13.2705035-06:00" endTime="2022-12-29T12:07:13.2705039-06:00" testType="13cdc9d9-ddb5-4fa4-a97d-d965ccfc6d4b" outcome="Passed" testListId="8c84fa94-04c1-424b-9868-57a2d4851a1d" relativeResultsDirectory="c1918d72-2867-4eed-be01-3b0ab19025f3" />
    <UnitTestResult executionId="87836961-0a22-4933-8cf1-6bcb99cac5e6" testId="4de8177c-a3ef-ef0e-c081-9ae3f23c7531" testName="S2Cognition.Integrations.Monday.Core.Tests.Internal.MondaySystemTests.GetRateLimit_Pass" computerName="MSI" duration="00:00:00.0963517" startTime="2022-12-29T12:07:13.2222859-06:00" endTime="2022-12-29T12:07:13.2222860-06:00" testType="13cdc9d9-ddb5-4fa4-a97d-d965ccfc6d4b" outcome="Passed" testListId="8c84fa94-04c1-424b-9868-57a2d4851a1d" relativeResultsDirectory="87836961-0a22-4933-8cf1-6bcb99cac5e6" />
    <UnitTestResult executionId="20ad385b-4e43-4b7f-b033-cc1a2e3a35e3" testId="37321cf0-c01b-eed6-3d62-c68e4caefa2a" testName="S2Cognition.Integrations.Monday.Core.Tests.Internal.QueryOptionsTests.EnsureGetBoardWithNewQueryOptionsDefaultsToSameAsOriginalQuery" computerName="MSI" duration="00:00:00.0007187" startTime="2022-12-29T12:07:13.2760495-06:00" endTime="2022-12-29T12:07:13.2760496-06:00" testType="13cdc9d9-ddb5-4fa4-a97d-d965ccfc6d4b" outcome="Passed" testListId="8c84fa94-04c1-424b-9868-57a2d4851a1d" relativeResultsDirectory="20ad385b-4e43-4b7f-b033-cc1a2e3a35e3" />
    <UnitTestResult executionId="51327135-fbe3-44fe-9939-4f51fba677da" testId="699e6104-9a78-55e1-d40b-119cadc433c3" testName="S2Cognition.Integrations.Monday.Core.Tests.Internal.MondayTeamTests.GetTeam_Pass" computerName="MSI" duration="00:00:00.0970137" startTime="2022-12-29T12:07:13.2241105-06:00" endTime="2022-12-29T12:07:13.2241118-06:00" testType="13cdc9d9-ddb5-4fa4-a97d-d965ccfc6d4b" outcome="Passed" testListId="8c84fa94-04c1-424b-9868-57a2d4851a1d" relativeResultsDirectory="51327135-fbe3-44fe-9939-4f51fba677da" />
    <UnitTestResult executionId="207351fb-7077-4865-a359-5b16c3122193" testId="7785283e-2fa2-577d-b099-0811bd86332e" testName="S2Cognition.Integrations.Monday.Core.Tests.Internal.MondayBoardTests.GetBoard_Pass" computerName="MSI" duration="00:00:00.0055418" startTime="2022-12-29T12:07:13.2441292-06:00" endTime="2022-12-29T12:07:13.2441292-06:00" testType="13cdc9d9-ddb5-4fa4-a97d-d965ccfc6d4b" outcome="Passed" testListId="8c84fa94-04c1-424b-9868-57a2d4851a1d" relativeResultsDirectory="207351fb-7077-4865-a359-5b16c3122193" />
    <UnitTestResult executionId="513273dd-b611-47bb-b586-14806fd344a2" testId="c4ed5dd6-97b8-f60b-60a1-3ed3850e6fa1" testName="S2Cognition.Integrations.Monday.Core.Tests.Internal.QueryOptionsTests.EnsureGetItemWithNewQueryOptionsDefaultsToSameAsOriginalQuery" computerName="MSI" duration="00:00:00.0012510" startTime="2022-12-29T12:07:13.2595441-06:00" endTime="2022-12-29T12:07:13.2595447-06:00" testType="13cdc9d9-ddb5-4fa4-a97d-d965ccfc6d4b" outcome="Passed" testListId="8c84fa94-04c1-424b-9868-57a2d4851a1d" relativeResultsDirectory="513273dd-b611-47bb-b586-14806fd344a2" />
    <UnitTestResult executionId="3272cd52-0a17-4c1a-b1c8-6e8192f51005" testId="582bd4da-d563-0a40-db6b-689ff84cf20b" testName="S2Cognition.Integrations.Monday.Core.Tests.Internal.QueryOptionsTests.EnsureGetItemsWithNewQueryOptionsDefaultsToSameAsOriginalQuery" computerName="MSI" duration="00:00:00.0020684" startTime="2022-12-29T12:07:13.2617098-06:00" endTime="2022-12-29T12:07:13.2617100-06:00" testType="13cdc9d9-ddb5-4fa4-a97d-d965ccfc6d4b" outcome="Passed" testListId="8c84fa94-04c1-424b-9868-57a2d4851a1d" relativeResultsDirectory="3272cd52-0a17-4c1a-b1c8-6e8192f51005" />
    <UnitTestResult executionId="6a8f3c96-416b-4c83-aba0-50a6f813cdf5" testId="a6be2696-0cfa-7509-97d1-769ed4f8bc42" testName="S2Cognition.Integrations.Monday.Core.Tests.Internal.MondayUserTests.GetUsers_Pass" computerName="MSI" duration="00:00:00.0012541" startTime="2022-12-29T12:07:13.2445553-06:00" endTime="2022-12-29T12:07:13.2445553-06:00" testType="13cdc9d9-ddb5-4fa4-a97d-d965ccfc6d4b" outcome="Passed" testListId="8c84fa94-04c1-424b-9868-57a2d4851a1d" relativeResultsDirectory="6a8f3c96-416b-4c83-aba0-50a6f813cdf5" />
    <UnitTestResult executionId="a8e18ab1-d77c-476c-b19a-573435aa6111" testId="b2cf74ef-0af5-e7f1-61af-1a4383953923" testName="S2Cognition.Integrations.Monday.Core.Tests.Internal.MondayGroupsTests.DeleteGroup_Pass" computerName="MSI" duration="00:00:00.0016106" startTime="2022-12-29T12:07:13.2422270-06:00" endTime="2022-12-29T12:07:13.2422271-06:00" testType="13cdc9d9-ddb5-4fa4-a97d-d965ccfc6d4b" outcome="Passed" testListId="8c84fa94-04c1-424b-9868-57a2d4851a1d" relativeResultsDirectory="a8e18ab1-d77c-476c-b19a-573435aa6111" />
    <UnitTestResult executionId="357db305-e913-48e7-8a09-15fbe32d2e1b" testId="f1227b7d-c8f7-8375-5cb6-1b981226c09d" testName="S2Cognition.Integrations.Monday.Core.Tests.Internal.QueryOptionsTests.EnsureGetItemsCanReturnMaximums" computerName="MSI" duration="00:00:00.0011633" startTime="2022-12-29T12:07:13.2772750-06:00" endTime="2022-12-29T12:07:13.2772751-06:00" testType="13cdc9d9-ddb5-4fa4-a97d-d965ccfc6d4b" outcome="Passed" testListId="8c84fa94-04c1-424b-9868-57a2d4851a1d" relativeResultsDirectory="357db305-e913-48e7-8a09-15fbe32d2e1b" />
    <UnitTestResult executionId="aceadbcb-b7cd-45bf-8648-e8ea4303c9aa" testId="6772f89f-c983-ba69-e6fa-efff4c2a9593" testName="S2Cognition.Integrations.Monday.Core.Tests.Internal.MondayGroupsTests.ArchiveGroup_Pass" computerName="MSI" duration="00:00:00.0020220" startTime="2022-12-29T12:07:13.2434560-06:00" endTime="2022-12-29T12:07:13.2434562-06:00" testType="13cdc9d9-ddb5-4fa4-a97d-d965ccfc6d4b" outcome="Passed" testListId="8c84fa94-04c1-424b-9868-57a2d4851a1d" relativeResultsDirectory="aceadbcb-b7cd-45bf-8648-e8ea4303c9aa" />
    <UnitTestResult executionId="e08bcfe0-fd4b-4d2b-b22c-0cbc63763493" testId="5e07aaee-af05-c07d-f2b3-414cd34710c1" testName="S2Cognition.Integrations.Monday.Core.Tests.Internal.MondayBoardTests.CreateBoard_Pass" computerName="MSI" duration="00:00:00.0048584" startTime="2022-12-29T12:07:13.2435779-06:00" endTime="2022-12-29T12:07:13.2435780-06:00" testType="13cdc9d9-ddb5-4fa4-a97d-d965ccfc6d4b" outcome="Passed" testListId="8c84fa94-04c1-424b-9868-57a2d4851a1d" relativeResultsDirectory="e08bcfe0-fd4b-4d2b-b22c-0cbc63763493" />
    <UnitTestResult executionId="3e0dae2e-0c63-4504-a3e4-a1d80913ed9f" testId="0989752e-4baa-5cb4-5a19-785a2f9a8b1c" testName="S2Cognition.Integrations.Monday.Core.Tests.Internal.QueryOptionsTests.EnsureGetGroupsWithNewQueryOptionsDefaultsToSameAsOriginalQuery" computerName="MSI" duration="00:00:00.0007031" startTime="2022-12-29T12:07:13.2730061-06:00" endTime="2022-12-29T12:07:13.2730063-06:00" testType="13cdc9d9-ddb5-4fa4-a97d-d965ccfc6d4b" outcome="Passed" testListId="8c84fa94-04c1-424b-9868-57a2d4851a1d" relativeResultsDirectory="3e0dae2e-0c63-4504-a3e4-a1d80913ed9f" />
    <UnitTestResult executionId="e2e4d2a7-18fa-4a2e-be14-bbdcbf658b96" testId="8687e80b-497d-c3e0-d1a0-623791adeab4" testName="S2Cognition.Integrations.Monday.Core.Tests.Internal.MondayGroupsTests.CreateGroup_Pass" computerName="MSI" duration="00:00:00.0980383" startTime="2022-12-29T12:07:13.2222212-06:00" endTime="2022-12-29T12:07:13.2222213-06:00" testType="13cdc9d9-ddb5-4fa4-a97d-d965ccfc6d4b" outcome="Passed" testListId="8c84fa94-04c1-424b-9868-57a2d4851a1d" relativeResultsDirectory="e2e4d2a7-18fa-4a2e-be14-bbdcbf658b96" />
    <UnitTestResult executionId="1b6679a2-6a69-4e25-bbf4-cc8eb471b42c" testId="1e4cf267-2c9b-233b-e477-c77c4907d14b" testName="S2Cognition.Integrations.Monday.Core.Tests.Internal.QueryOptionsTests.EnsureGetTagCanReturnMaximums" computerName="MSI" duration="00:00:00.0006265" startTime="2022-12-29T12:07:13.2679851-06:00" endTime="2022-12-29T12:07:13.2679852-06:00" testType="13cdc9d9-ddb5-4fa4-a97d-d965ccfc6d4b" outcome="Passed" testListId="8c84fa94-04c1-424b-9868-57a2d4851a1d" relativeResultsDirectory="1b6679a2-6a69-4e25-bbf4-cc8eb471b42c" />
    <UnitTestResult executionId="6ed118e1-46fd-4623-8216-a0b6538c5871" testId="b0364036-532a-17f0-e240-4b2f7553b7e5" testName="S2Cognition.Integrations.Monday.Core.Tests.Internal.QueryOptionsTests.EnsureGetItemCanReturnMaximums" computerName="MSI" duration="00:00:00.1238324" startTime="2022-12-29T12:07:13.2442244-06:00" endTime="2022-12-29T12:07:13.2442244-06:00" testType="13cdc9d9-ddb5-4fa4-a97d-d965ccfc6d4b" outcome="Passed" testListId="8c84fa94-04c1-424b-9868-57a2d4851a1d" relativeResultsDirectory="6ed118e1-46fd-4623-8216-a0b6538c5871" />
    <UnitTestResult executionId="ab28291c-2a1e-4f33-9193-020abd48c3ac" testId="e3d40a78-7398-4a22-fa97-68b3e9fe9d7e" testName="S2Cognition.Integrations.Monday.Core.Tests.Internal.MondayItemsTests.DeleteItem_Pass" computerName="MSI" duration="00:00:00.0012218" startTime="2022-12-29T12:07:13.2446466-06:00" endTime="2022-12-29T12:07:13.2446466-06:00" testType="13cdc9d9-ddb5-4fa4-a97d-d965ccfc6d4b" outcome="Passed" testListId="8c84fa94-04c1-424b-9868-57a2d4851a1d" relativeResultsDirectory="ab28291c-2a1e-4f33-9193-020abd48c3ac" />
    <UnitTestResult executionId="3a1a3a99-05bf-4ecc-a7aa-6db93de0c848" testId="002eaebf-a01f-d452-7b16-eb46be988df6" testName="S2Cognition.Integrations.Monday.Core.Tests.Internal.QueryOptionsTests.EnsureGetTeamsCanReturnMinimums" computerName="MSI" duration="00:00:00.0009320" startTime="2022-12-29T12:07:13.2627154-06:00" endTime="2022-12-29T12:07:13.2627157-06:00" testType="13cdc9d9-ddb5-4fa4-a97d-d965ccfc6d4b" outcome="Passed" testListId="8c84fa94-04c1-424b-9868-57a2d4851a1d" relativeResultsDirectory="3a1a3a99-05bf-4ecc-a7aa-6db93de0c848" />
    <UnitTestResult executionId="4680bcb4-cfd1-4dd2-86e0-dc643002a2c3" testId="286a79c1-cf38-10b2-3c66-6238db8d2e6b" testName="S2Cognition.Integrations.Monday.Core.Tests.Internal.MondayItemsTests.GetItems_Pass" computerName="MSI" duration="00:00:00.0086198" startTime="2022-12-29T12:07:13.2436217-06:00" endTime="2022-12-29T12:07:13.2436218-06:00" testType="13cdc9d9-ddb5-4fa4-a97d-d965ccfc6d4b" outcome="Passed" testListId="8c84fa94-04c1-424b-9868-57a2d4851a1d" relativeResultsDirectory="4680bcb4-cfd1-4dd2-86e0-dc643002a2c3" />
    <UnitTestResult executionId="5e321b52-7b21-4bef-ad34-024c0a7ef91e" testId="5acd4d80-5c98-c1e6-89be-c4543e302d25" testName="S2Cognition.Integrations.Monday.Core.Tests.Internal.QueryOptionsTests.EnsureGetTagCanReturnMinimums" computerName="MSI" duration="00:00:00.0014708" startTime="2022-12-29T12:07:13.2450360-06:00" endTime="2022-12-29T12:07:13.2450361-06:00" testType="13cdc9d9-ddb5-4fa4-a97d-d965ccfc6d4b" outcome="Passed" testListId="8c84fa94-04c1-424b-9868-57a2d4851a1d" relativeResultsDirectory="5e321b52-7b21-4bef-ad34-024c0a7ef91e" />
    <UnitTestResult executionId="bee1993e-6dab-4272-a547-b867937f330d" testId="3aa2df7a-4bcf-30d2-3510-215610c27c6a" testName="S2Cognition.Integrations.Monday.Core.Tests.Internal.MondayUpdatesTests.CreateUpdate_Pass" computerName="MSI" duration="00:00:00.0064615" startTime="2022-12-29T12:07:13.2435542-06:00" endTime="2022-12-29T12:07:13.2435543-06:00" testType="13cdc9d9-ddb5-4fa4-a97d-d965ccfc6d4b" outcome="Passed" testListId="8c84fa94-04c1-424b-9868-57a2d4851a1d" relativeResultsDirectory="bee1993e-6dab-4272-a547-b867937f330d" />
    <UnitTestResult executionId="1a0f1eea-1235-410c-a490-2aabc6dfb3ab" testId="f40f4a10-7804-b0b1-19cc-183b8b6034d9" testName="S2Cognition.Integrations.Monday.Core.Tests.Internal.QueryOptionsTests.EnsureGetItemsCanReturnMinimums" computerName="MSI" duration="00:00:00.0006678" startTime="2022-12-29T12:07:13.2780305-06:00" endTime="2022-12-29T12:07:13.2780307-06:00" testType="13cdc9d9-ddb5-4fa4-a97d-d965ccfc6d4b" outcome="Passed" testListId="8c84fa94-04c1-424b-9868-57a2d4851a1d" relativeResultsDirectory="1a0f1eea-1235-410c-a490-2aabc6dfb3ab" />
    <UnitTestResult executionId="0e28b32c-1873-49f4-a157-5141678c2914" testId="74274b9a-6c05-5e11-57f4-f07a126b1d72" testName="S2Cognition.Integrations.Monday.Core.Tests.Internal.QueryOptionsTests.EnsureGetBoardsWithNewQueryOptionsDefaultsToSameAsOriginalQuery" computerName="MSI" duration="00:00:00.0020871" startTime="2022-12-29T12:07:13.2493762-06:00" endTime="2022-12-29T12:07:13.2493765-06:00" testType="13cdc9d9-ddb5-4fa4-a97d-d965ccfc6d4b" outcome="Passed" testListId="8c84fa94-04c1-424b-9868-57a2d4851a1d" relativeResultsDirectory="0e28b32c-1873-49f4-a157-5141678c2914" />
    <UnitTestResult executionId="5187a66a-727c-440c-bea3-a85fbc9b7ccc" testId="46c88540-33b2-2fcf-a4ea-24e23c1d5ff9" testName="S2Cognition.Integrations.Monday.Core.Tests.Internal.MondayBoardTests.GetBoards_Pass" computerName="MSI" duration="00:00:00.1020916" startTime="2022-12-29T12:07:13.2421513-06:00" endTime="2022-12-29T12:07:13.2421514-06:00" testType="13cdc9d9-ddb5-4fa4-a97d-d965ccfc6d4b" outcome="Passed" testListId="8c84fa94-04c1-424b-9868-57a2d4851a1d" relativeResultsDirectory="5187a66a-727c-440c-bea3-a85fbc9b7ccc" />
    <UnitTestResult executionId="9fee4768-052b-46c2-99c5-a9fac55ac42b" testId="29e39a12-0b1b-13ca-8d6c-998304c252ed" testName="S2Cognition.Integrations.Monday.Core.Tests.Internal.MondayTeamTests.GetTeams_Pass" computerName="MSI" duration="00:00:00.0036178" startTime="2022-12-29T12:07:13.2422743-06:00" endTime="2022-12-29T12:07:13.2422743-06:00" testType="13cdc9d9-ddb5-4fa4-a97d-d965ccfc6d4b" outcome="Passed" testListId="8c84fa94-04c1-424b-9868-57a2d4851a1d" relativeResultsDirectory="9fee4768-052b-46c2-99c5-a9fac55ac42b" />
    <UnitTestResult executionId="749f266a-6c26-4ab5-ac0f-4f1e3b4cf725" testId="3cc1457a-7db2-e650-a582-3cc4ef74bd86" testName="S2Cognition.Integrations.Monday.Core.Tests.Internal.MondayTagsTests.GetTags_Pass" computerName="MSI" duration="00:00:00.0057326" startTime="2022-12-29T12:07:13.2435017-06:00" endTime="2022-12-29T12:07:13.2435018-06:00" testType="13cdc9d9-ddb5-4fa4-a97d-d965ccfc6d4b" outcome="Passed" testListId="8c84fa94-04c1-424b-9868-57a2d4851a1d" relativeResultsDirectory="749f266a-6c26-4ab5-ac0f-4f1e3b4cf725" />
    <UnitTestResult executionId="5e971321-56a6-4e32-8829-a07e639daf1c" testId="fd5759ff-5cef-d692-26f2-712fc30c6007" testName="S2Cognition.Integrations.Monday.Core.Tests.Internal.MondayColumnTests.CreateColumn_Pass" computerName="MSI" duration="00:00:00.0108218" startTime="2022-12-29T12:07:13.2440699-06:00" endTime="2022-12-29T12:07:13.2440700-06:00" testType="13cdc9d9-ddb5-4fa4-a97d-d965ccfc6d4b" outcome="Passed" testListId="8c84fa94-04c1-424b-9868-57a2d4851a1d" relativeResultsDirectory="5e971321-56a6-4e32-8829-a07e639daf1c" />
    <UnitTestResult executionId="1d4086d5-15b3-4bd1-b77e-9997a3f3b6d2" testId="a94027fb-8741-0358-60a0-79da4714131a" testName="S2Cognition.Integrations.Monday.Core.Tests.Internal.QueryOptionsTests.EnsureGetUserWithNewQueryOptionsDefaultsToSameAsOriginalQuery" computerName="MSI" duration="00:00:00.0009893" startTime="2022-12-29T12:07:13.2447895-06:00" endTime="2022-12-29T12:07:13.2447896-06:00" testType="13cdc9d9-ddb5-4fa4-a97d-d965ccfc6d4b" outcome="Passed" testListId="8c84fa94-04c1-424b-9868-57a2d4851a1d" relativeResultsDirectory="1d4086d5-15b3-4bd1-b77e-9997a3f3b6d2" />
    <UnitTestResult executionId="3d48b0ea-7ba1-4a62-8dca-bc81bb097f84" testId="58de10b4-534b-6f18-2f4c-a723eb0766d0" testName="S2Cognition.Integrations.Monday.Core.Tests.Internal.MondayUserTests.GetUsers_UserAccessTypes_Pass" computerName="MSI" duration="00:00:00.0114521" startTime="2022-12-29T12:07:13.2441833-06:00" endTime="2022-12-29T12:07:13.2441834-06:00" testType="13cdc9d9-ddb5-4fa4-a97d-d965ccfc6d4b" outcome="Passed" testListId="8c84fa94-04c1-424b-9868-57a2d4851a1d" relativeResultsDirectory="3d48b0ea-7ba1-4a62-8dca-bc81bb097f84" />
    <UnitTestResult executionId="380e40f3-ddf5-4111-a485-e103bd40ba01" testId="b7d3a67a-8e46-fe49-d504-31fe9e1a6693" testName="S2Cognition.Integrations.Monday.Core.Tests.Internal.QueryOptionsTests.EnsureGetUsersCanReturnMaximums" computerName="MSI" duration="00:00:00.0007171" startTime="2022-12-29T12:07:13.2658835-06:00" endTime="2022-12-29T12:07:13.2658836-06:00" testType="13cdc9d9-ddb5-4fa4-a97d-d965ccfc6d4b" outcome="Passed" testListId="8c84fa94-04c1-424b-9868-57a2d4851a1d" relativeResultsDirectory="380e40f3-ddf5-4111-a485-e103bd40ba01" />
    <UnitTestResult executionId="252ffd11-60dc-41af-a16a-57717079cdab" testId="b4784567-afa7-ed1d-3bc1-4928fe30a7c6" testName="S2Cognition.Integrations.Monday.Core.Tests.Internal.QueryOptionsTests.EnsureGetUsersCanReturnMinimums" computerName="MSI" duration="00:00:00.0011756" startTime="2022-12-29T12:07:13.2506741-06:00" endTime="2022-12-29T12:07:13.2506745-06:00" testType="13cdc9d9-ddb5-4fa4-a97d-d965ccfc6d4b" outcome="Passed" testListId="8c84fa94-04c1-424b-9868-57a2d4851a1d" relativeResultsDirectory="252ffd11-60dc-41af-a16a-57717079cdab" />
    <UnitTestResult executionId="2bbe41cb-3350-4a44-bfa7-7af2e6a32361" testId="6e24f7c2-254d-33e4-faf1-26dea1d1bc54" testName="S2Cognition.Integrations.Monday.Core.Tests.Internal.MondayTagsTests.CreateTag_Pass" computerName="MSI" duration="00:00:00.0974093" startTime="2022-12-29T12:07:13.2420758-06:00" endTime="2022-12-29T12:07:13.2420759-06:00" testType="13cdc9d9-ddb5-4fa4-a97d-d965ccfc6d4b" outcome="Passed" testListId="8c84fa94-04c1-424b-9868-57a2d4851a1d" relativeResultsDirectory="2bbe41cb-3350-4a44-bfa7-7af2e6a32361" />
    <UnitTestResult executionId="7480ef7d-87d6-4034-989a-277b5fd52e8b" testId="37051fb3-77bb-cf2b-6c03-648a546869cc" testName="S2Cognition.Integrations.Monday.Core.Tests.Internal.MondayBoardTests.ArchiveBoard_Pass" computerName="MSI" duration="00:00:00.0090141" startTime="2022-12-29T12:07:13.2441574-06:00" endTime="2022-12-29T12:07:13.2441574-06:00" testType="13cdc9d9-ddb5-4fa4-a97d-d965ccfc6d4b" outcome="Passed" testListId="8c84fa94-04c1-424b-9868-57a2d4851a1d" relativeResultsDirectory="7480ef7d-87d6-4034-989a-277b5fd52e8b" />
    <UnitTestResult executionId="2c255dbf-f321-45db-b687-e27638744b4e" testId="6c79372e-ce76-4557-ad0c-f31c0d46e60d" testName="S2Cognition.Integrations.Monday.Core.Tests.Internal.MondayGroupsTests.GetGroups_Pass" computerName="MSI" duration="00:00:00.0059850" startTime="2022-12-29T12:07:13.2440918-06:00" endTime="2022-12-29T12:07:13.2440918-06:00" testType="13cdc9d9-ddb5-4fa4-a97d-d965ccfc6d4b" outcome="Passed" testListId="8c84fa94-04c1-424b-9868-57a2d4851a1d" relativeResultsDirectory="2c255dbf-f321-45db-b687-e27638744b4e" />
    <UnitTestResult executionId="3dd23ea3-808a-4ce7-aa67-b9977baecc05" testId="60fd7a38-e994-b056-025f-4b68bd7e74bb" testName="S2Cognition.Integrations.Monday.Core.Tests.Internal.QueryOptionsTests.EnsureGetBoardCanReturnMinimums" computerName="MSI" duration="00:00:00.0008156" startTime="2022-12-29T12:07:13.2643533-06:00" endTime="2022-12-29T12:07:13.2643534-06:00" testType="13cdc9d9-ddb5-4fa4-a97d-d965ccfc6d4b" outcome="Passed" testListId="8c84fa94-04c1-424b-9868-57a2d4851a1d" relativeResultsDirectory="3dd23ea3-808a-4ce7-aa67-b9977baecc05" />
    <UnitTestResult executionId="26c9fe63-7c2a-4a3c-9c48-6f1aa61032d0" testId="97c9bf93-e9b6-7153-32b6-e6a19e001765" testName="S2Cognition.Integrations.Monday.Core.Tests.Internal.QueryOptionsTests.EnsureGetUserCanReturnMinimums" computerName="MSI" duration="00:00:00.0006842" startTime="2022-12-29T12:07:13.2722690-06:00" endTime="2022-12-29T12:07:13.2722691-06:00" testType="13cdc9d9-ddb5-4fa4-a97d-d965ccfc6d4b" outcome="Passed" testListId="8c84fa94-04c1-424b-9868-57a2d4851a1d" relativeResultsDirectory="26c9fe63-7c2a-4a3c-9c48-6f1aa61032d0" />
    <UnitTestResult executionId="9ea20243-93a0-4004-9a42-fe45bba8a740" testId="c2cd20d0-54ba-4173-27de-9e34dd6187a2" testName="S2Cognition.Integrations.Monday.Core.Tests.Internal.QueryOptionsTests.EnsureGetBoardsCanReturnMinimums" computerName="MSI" duration="00:00:00.0005996" startTime="2022-12-29T12:07:13.2672937-06:00" endTime="2022-12-29T12:07:13.2672938-06:00" testType="13cdc9d9-ddb5-4fa4-a97d-d965ccfc6d4b" outcome="Passed" testListId="8c84fa94-04c1-424b-9868-57a2d4851a1d" relativeResultsDirectory="9ea20243-93a0-4004-9a42-fe45bba8a740" />
    <UnitTestResult executionId="f6ea825d-4ada-4c72-a9e5-0b9caff0559a" testId="b6024c5e-cc9f-6000-9f44-e91bed693a04" testName="S2Cognition.Integrations.Monday.Core.Tests.Internal.MondaySystemTests.GetComplexity_Pass" computerName="MSI" duration="00:00:00.0019239" startTime="2022-12-29T12:07:13.2421990-06:00" endTime="2022-12-29T12:07:13.2421991-06:00" testType="13cdc9d9-ddb5-4fa4-a97d-d965ccfc6d4b" outcome="Passed" testListId="8c84fa94-04c1-424b-9868-57a2d4851a1d" relativeResultsDirectory="f6ea825d-4ada-4c72-a9e5-0b9caff0559a" />
    <UnitTestResult executionId="8ccf0c95-3897-4bb1-a296-69eefa6fb4a3" testId="6a7b4e50-2875-002c-db7c-87121ab38351" testName="S2Cognition.Integrations.Monday.Core.Tests.Internal.QueryOptionsTests.EnsureGetTagsCanReturnMaximums" computerName="MSI" duration="00:00:00.0007101" startTime="2022-12-29T12:07:13.2687369-06:00" endTime="2022-12-29T12:07:13.2687370-06:00" testType="13cdc9d9-ddb5-4fa4-a97d-d965ccfc6d4b" outcome="Passed" testListId="8c84fa94-04c1-424b-9868-57a2d4851a1d" relativeResultsDirectory="8ccf0c95-3897-4bb1-a296-69eefa6fb4a3" />
    <UnitTestResult executionId="0c662930-d6aa-4f7a-bdda-687ca9988318" testId="85571e0c-41e0-2a36-b25a-34ddc2fba4c9" testName="S2Cognition.Integrations.Monday.Core.Tests.Internal.MondayGroupsTests.UpdateItemGroup_Pass" computerName="MSI" duration="00:00:00.0016329" startTime="2022-12-29T12:07:13.2421193-06:00" endTime="2022-12-29T12:07:13.2421193-06:00" testType="13cdc9d9-ddb5-4fa4-a97d-d965ccfc6d4b" outcome="Passed" testListId="8c84fa94-04c1-424b-9868-57a2d4851a1d" relativeResultsDirectory="0c662930-d6aa-4f7a-bdda-687ca9988318" />
    <UnitTestResult executionId="a79ff6c8-f9fa-49b9-93d8-7d67df167d4f" testId="7879c22d-f4bb-a045-6a39-bd0221cad0a9" testName="S2Cognition.Integrations.Monday.Core.Tests.MondayTests.EnsureGetUsersIsCallable" computerName="MSI" duration="00:00:00.1246819" startTime="2022-12-29T12:07:13.2446188-06:00" endTime="2022-12-29T12:07:13.2446189-06:00" testType="13cdc9d9-ddb5-4fa4-a97d-d965ccfc6d4b" outcome="Passed" testListId="8c84fa94-04c1-424b-9868-57a2d4851a1d" relativeResultsDirectory="a79ff6c8-f9fa-49b9-93d8-7d67df167d4f" />
    <UnitTestResult executionId="b99daca3-ab17-4331-8a3f-fff20b6c7365" testId="e9af5911-ac89-b1d9-f02f-d942b57cba23" testName="S2Cognition.Integrations.Monday.Core.Tests.Internal.QueryOptionsTests.EnsureGetTeamsWithNewQueryOptionsDefaultsToSameAsOriginalQuery" computerName="MSI" duration="00:00:00.0008848" startTime="2022-12-29T12:07:13.2714807-06:00" endTime="2022-12-29T12:07:13.2714809-06:00" testType="13cdc9d9-ddb5-4fa4-a97d-d965ccfc6d4b" outcome="Passed" testListId="8c84fa94-04c1-424b-9868-57a2d4851a1d" relativeResultsDirectory="b99daca3-ab17-4331-8a3f-fff20b6c7365" />
    <UnitTestResult executionId="d679d7ce-8e40-4b94-803f-d6f6d667a685" testId="e200f5e5-ea4d-ef93-2426-d0d7b0ec2c29" testName="S2Cognition.Integrations.Monday.Core.Tests.Internal.MondayItemsTests.CreateItem_Pass" computerName="MSI" duration="00:00:00.0131667" startTime="2022-12-29T12:07:13.2445216-06:00" endTime="2022-12-29T12:07:13.2445216-06:00" testType="13cdc9d9-ddb5-4fa4-a97d-d965ccfc6d4b" outcome="Passed" testListId="8c84fa94-04c1-424b-9868-57a2d4851a1d" relativeResultsDirectory="d679d7ce-8e40-4b94-803f-d6f6d667a685" />
    <UnitTestResult executionId="e15ab746-7edc-475f-a8c1-b918e01b8027" testId="c72e751f-4715-ef7d-d196-f91200915af9" testName="S2Cognition.Integrations.Monday.Core.Tests.Internal.QueryOptionsTests.EnsureGetTagWithNewQueryOptionsDefaultsToSameAsOriginalQuery" computerName="MSI" duration="00:00:00.0010881" startTime="2022-12-29T12:07:13.2539194-06:00" endTime="2022-12-29T12:07:13.2539195-06:00" testType="13cdc9d9-ddb5-4fa4-a97d-d965ccfc6d4b" outcome="Passed" testListId="8c84fa94-04c1-424b-9868-57a2d4851a1d" relativeResultsDirectory="e15ab746-7edc-475f-a8c1-b918e01b8027" />
    <UnitTestResult executionId="155345bd-b1af-4cb7-adc6-f531b8b5ef16" testId="f2e1c8e0-2aa8-c927-fab7-283c464add20" testName="S2Cognition.Integrations.Monday.Core.Tests.Internal.QueryOptionsTests.EnsureGetTeamWithNewQueryOptionsDefaultsToSameAsOriginalQuery" computerName="MSI" duration="00:00:00.0007097" startTime="2022-12-29T12:07:13.2651144-06:00" endTime="2022-12-29T12:07:13.2651145-06:00" testType="13cdc9d9-ddb5-4fa4-a97d-d965ccfc6d4b" outcome="Passed" testListId="8c84fa94-04c1-424b-9868-57a2d4851a1d" relativeResultsDirectory="155345bd-b1af-4cb7-adc6-f531b8b5ef16" />
    <UnitTestResult executionId="cde8b631-0470-4601-b1e0-f4666db48548" testId="83d01415-0376-964e-248c-a57968d4c4ba" testName="S2Cognition.Integrations.Monday.Core.Tests.Internal.QueryOptionsTests.EnsureGetTagsCanReturnMinimums" computerName="MSI" duration="00:00:00.0006389" startTime="2022-12-29T12:07:13.2694807-06:00" endTime="2022-12-29T12:07:13.2694809-06:00" testType="13cdc9d9-ddb5-4fa4-a97d-d965ccfc6d4b" outcome="Passed" testListId="8c84fa94-04c1-424b-9868-57a2d4851a1d" relativeResultsDirectory="cde8b631-0470-4601-b1e0-f4666db48548" />
    <UnitTestResult executionId="6cbf5d39-9cbf-44d7-903a-bb491459eba6" testId="904befda-a066-d594-f096-7682165f1bea" testName="S2Cognition.Integrations.Monday.Core.Tests.Internal.QueryOptionsTests.EnsureGetTagsWithNewQueryOptionsDefaultsToSameAsOriginalQuery" computerName="MSI" duration="00:00:00.0020439" startTime="2022-12-29T12:07:13.2471646-06:00" endTime="2022-12-29T12:07:13.2471649-06:00" testType="13cdc9d9-ddb5-4fa4-a97d-d965ccfc6d4b" outcome="Passed" testListId="8c84fa94-04c1-424b-9868-57a2d4851a1d" relativeResultsDirectory="6cbf5d39-9cbf-44d7-903a-bb491459eba6" />
    <UnitTestResult executionId="3861862d-2429-44ef-9463-64f4230b489e" testId="856bbfd7-07ce-4e80-13d9-f04e4e3755c8" testName="S2Cognition.Integrations.Monday.Core.Tests.Internal.QueryOptionsTests.EnsureGetBoardCanReturnMaximums" computerName="MSI" duration="00:00:00.0012511" startTime="2022-12-29T12:07:13.2793287-06:00" endTime="2022-12-29T12:07:13.2793288-06:00" testType="13cdc9d9-ddb5-4fa4-a97d-d965ccfc6d4b" outcome="Passed" testListId="8c84fa94-04c1-424b-9868-57a2d4851a1d" relativeResultsDirectory="3861862d-2429-44ef-9463-64f4230b489e" />
    <UnitTestResult executionId="0478a6b7-1bcd-488d-b1ad-14f4d9afc86f" testId="b6298783-c9b1-ba27-491e-9e45d1b4abea" testName="S2Cognition.Integrations.Monday.Core.Tests.Internal.QueryOptionsTests.EnsureGetBoardsCanReturnMaximums" computerName="MSI" duration="00:00:00.0041854" startTime="2022-12-29T12:07:13.2582270-06:00" endTime="2022-12-29T12:07:13.2582272-06:00" testType="13cdc9d9-ddb5-4fa4-a97d-d965ccfc6d4b" outcome="Passed" testListId="8c84fa94-04c1-424b-9868-57a2d4851a1d" relativeResultsDirectory="0478a6b7-1bcd-488d-b1ad-14f4d9afc86f" />
    <UnitTestResult executionId="bbcc34da-42ba-4a7b-bcdb-10e5bf654a78" testId="7d34bcc7-299a-cd33-e29a-dd50b189da87" testName="S2Cognition.Integrations.Monday.Core.Tests.Internal.QueryOptionsTests.EnsureGetGroupsCanReturnMinimums" computerName="MSI" duration="00:00:00.0019675" startTime="2022-12-29T12:07:13.2527408-06:00" endTime="2022-12-29T12:07:13.2527410-06:00" testType="13cdc9d9-ddb5-4fa4-a97d-d965ccfc6d4b" outcome="Passed" testListId="8c84fa94-04c1-424b-9868-57a2d4851a1d" relativeResultsDirectory="bbcc34da-42ba-4a7b-bcdb-10e5bf654a78" />
    <UnitTestResult executionId="e6ad0f61-0fed-4438-b088-f553ac7b1411" testId="3b41359e-553a-c4ee-01d7-ffa32d869aeb" testName="S2Cognition.Integrations.Monday.Core.Tests.Internal.QueryOptionsTests.EnsureGetGroupsCanReturnMaximums" computerName="MSI" duration="00:00:00.0006373" startTime="2022-12-29T12:07:13.2752854-06:00" endTime="2022-12-29T12:07:13.2752855-06:00" testType="13cdc9d9-ddb5-4fa4-a97d-d965ccfc6d4b" outcome="Passed" testListId="8c84fa94-04c1-424b-9868-57a2d4851a1d" relativeResultsDirectory="e6ad0f61-0fed-4438-b088-f553ac7b1411" />
    <UnitTestResult executionId="014df236-39ed-4a4e-9416-2326e74e8c7b" testId="6f70f028-4b1a-be4e-c821-5b04f77f1689" testName="S2Cognition.Integrations.Monday.Core.Tests.Internal.MondayItemsTests.GetItem_Pass" computerName="MSI" duration="00:00:00.0016287" startTime="2022-12-29T12:07:13.2447097-06:00" endTime="2022-12-29T12:07:13.2447098-06:00" testType="13cdc9d9-ddb5-4fa4-a97d-d965ccfc6d4b" outcome="Passed" testListId="8c84fa94-04c1-424b-9868-57a2d4851a1d" relativeResultsDirectory="014df236-39ed-4a4e-9416-2326e74e8c7b" />
    <UnitTestResult executionId="17059b17-bb84-4323-8a2f-cc659cd0f959" testId="ca8cc89b-95c4-4a59-05b6-133bc1edac9b" testName="S2Cognition.Integrations.Monday.Core.Tests.Internal.QueryOptionsTests.EnsureGetUsersByAccessTypeWithNewQueryOptionsDefaultsToSameAsOriginalQuery" computerName="MSI" duration="00:00:00.0007572" startTime="2022-12-29T12:07:13.2666500-06:00" endTime="2022-12-29T12:07:13.2666501-06:00" testType="13cdc9d9-ddb5-4fa4-a97d-d965ccfc6d4b" outcome="Passed" testListId="8c84fa94-04c1-424b-9868-57a2d4851a1d" relativeResultsDirectory="17059b17-bb84-4323-8a2f-cc659cd0f959" />
    <UnitTestResult executionId="dbfec203-b9d8-43d8-8201-b1b842ea2002" testId="e1d12073-8a41-eb5a-464c-27f8af3d47be" testName="S2Cognition.Integrations.Monday.Core.Tests.Internal.QueryOptionsTests.EnsureGetTeamCanReturnMaximums" computerName="MSI" duration="00:00:00.0007506" startTime="2022-12-29T12:07:13.2745836-06:00" endTime="2022-12-29T12:07:13.2745837-06:00" testType="13cdc9d9-ddb5-4fa4-a97d-d965ccfc6d4b" outcome="Passed" testListId="8c84fa94-04c1-424b-9868-57a2d4851a1d" relativeResultsDirectory="dbfec203-b9d8-43d8-8201-b1b842ea2002" />
    <UnitTestResult executionId="49577e46-d353-41f8-a503-5b7f525e17de" testId="70e1e943-d839-5738-2e19-ede049e672ad" testName="S2Cognition.Integrations.Monday.Core.Tests.Internal.MondayItemsTests.ArchiveItem_Pass" computerName="MSI" duration="00:00:00.0016285" startTime="2022-12-29T12:07:13.2436728-06:00" endTime="2022-12-29T12:07:13.2436728-06:00" testType="13cdc9d9-ddb5-4fa4-a97d-d965ccfc6d4b" outcome="Passed" testListId="8c84fa94-04c1-424b-9868-57a2d4851a1d" relativeResultsDirectory="49577e46-d353-41f8-a503-5b7f525e17de" />
    <UnitTestResult executionId="16c63899-4275-4641-92c9-011f2855303c" testId="21705279-1176-84a3-7593-433546a218f6" testName="S2Cognition.Integrations.Monday.Core.Tests.Internal.MondayUserTests.GetUser_Pass" computerName="MSI" duration="00:00:00.1079852" startTime="2022-12-29T12:07:13.2440237-06:00" endTime="2022-12-29T12:07:13.2440239-06:00" testType="13cdc9d9-ddb5-4fa4-a97d-d965ccfc6d4b" outcome="Passed" testListId="8c84fa94-04c1-424b-9868-57a2d4851a1d" relativeResultsDirectory="16c63899-4275-4641-92c9-011f2855303c" />
    <UnitTestResult executionId="d990e58e-ecfc-4444-9d05-07bed1f7afe5" testId="8ed8a62c-d6e9-198e-ae0c-26687ea775fc" testName="S2Cognition.Integrations.Monday.Core.Tests.Internal.QueryOptionsTests.EnsureGetUserCanReturnMaximums" computerName="MSI" duration="00:00:00.0017558" startTime="2022-12-29T12:07:13.2446744-06:00" endTime="2022-12-29T12:07:13.2446744-06:00" testType="13cdc9d9-ddb5-4fa4-a97d-d965ccfc6d4b" outcome="Passed" testListId="8c84fa94-04c1-424b-9868-57a2d4851a1d" relativeResultsDirectory="d990e58e-ecfc-4444-9d05-07bed1f7afe5" />
    <UnitTestResult executionId="bc52f9fd-0a79-413e-8e37-80c4da0a48f5" testId="c245435d-b0a3-64c2-7ed0-ff76f4852c23" testName="S2Cognition.Integrations.Monday.Core.Tests.Internal.MondayColumnTests.UpdateColumn_Pass" computerName="MSI" duration="00:00:00.0919546" startTime="2022-12-29T12:07:13.2222005-06:00" endTime="2022-12-29T12:07:13.2222006-06:00" testType="13cdc9d9-ddb5-4fa4-a97d-d965ccfc6d4b" outcome="Passed" testListId="8c84fa94-04c1-424b-9868-57a2d4851a1d" relativeResultsDirectory="bc52f9fd-0a79-413e-8e37-80c4da0a48f5" />
    <UnitTestResult executionId="cd9154b7-afc2-4079-ba8e-947d13c7bb9d" testId="670e15a2-2818-00a1-83de-8910400e8cfd" testName="S2Cognition.Integrations.Monday.Core.Tests.Internal.QueryOptionsTests.EnsureGetItemCanReturnMinimums" computerName="MSI" duration="00:00:00.0006696" startTime="2022-12-29T12:07:13.2634399-06:00" endTime="2022-12-29T12:07:13.2634401-06:00" testType="13cdc9d9-ddb5-4fa4-a97d-d965ccfc6d4b" outcome="Passed" testListId="8c84fa94-04c1-424b-9868-57a2d4851a1d" relativeResultsDirectory="cd9154b7-afc2-4079-ba8e-947d13c7bb9d" />
    <UnitTestResult executionId="ddf5ad00-0bb1-4c90-b31c-3f6e3f5fbb03" testId="5ba5d283-3fc5-9bfc-7776-8e3e68851e24" testName="S2Cognition.Integrations.Monday.Core.Tests.Internal.MondayUpdatesTests.ClearItemUpdates_Pass" computerName="MSI" duration="00:00:00.0950006" startTime="2022-12-29T12:07:13.2216528-06:00" endTime="2022-12-29T12:07:13.2216531-06:00" testType="13cdc9d9-ddb5-4fa4-a97d-d965ccfc6d4b" outcome="Passed" testListId="8c84fa94-04c1-424b-9868-57a2d4851a1d" relativeResultsDirectory="ddf5ad00-0bb1-4c90-b31c-3f6e3f5fbb03" />
    <UnitTestResult executionId="0ff7054d-31dc-44fe-8284-658c26aecc1a" testId="5ff0fe88-c4c8-57d3-5b1a-3f39e1a69737" testName="S2Cognition.Integrations.Monday.Core.Tests.Internal.MondayTagsTests.GetTag_Pass" computerName="MSI" duration="00:00:00.0061890" startTime="2022-12-29T12:07:13.2441101-06:00" endTime="2022-12-29T12:07:13.2441102-06:00" testType="13cdc9d9-ddb5-4fa4-a97d-d965ccfc6d4b" outcome="Passed" testListId="8c84fa94-04c1-424b-9868-57a2d4851a1d" relativeResultsDirectory="0ff7054d-31dc-44fe-8284-658c26aecc1a" />
    <UnitTestResult executionId="505eaaf8-f423-44f4-91d9-441a9b722f5c" testId="bf6d4cfe-f7f8-bda4-adec-4a809b3ae095" testName="S2Cognition.Integrations.Monday.Core.Tests.Internal.QueryOptionsTests.EnsureGetTeamsCanReturnMaximums" computerName="MSI" duration="00:00:00.0007166" startTime="2022-12-29T12:07:13.2737707-06:00" endTime="2022-12-29T12:07:13.2737708-06:00" testType="13cdc9d9-ddb5-4fa4-a97d-d965ccfc6d4b" outcome="Passed" testListId="8c84fa94-04c1-424b-9868-57a2d4851a1d" relativeResultsDirectory="505eaaf8-f423-44f4-91d9-441a9b722f5c" />
    <UnitTestResult executionId="6b5934f7-9928-4fe5-b325-8954bdd1899a" testId="1f28150e-cea8-6a19-096e-e7f09fc4f033" testName="S2Cognition.Integrations.Monday.Core.Tests.Internal.MondayItemsTests.CustomQueryOrMutation_Pass" computerName="MSI" duration="00:00:00.0951482" startTime="2022-12-29T12:07:13.2153032-06:00" endTime="2022-12-29T12:07:13.2153543-06:00" testType="13cdc9d9-ddb5-4fa4-a97d-d965ccfc6d4b" outcome="Passed" testListId="8c84fa94-04c1-424b-9868-57a2d4851a1d" relativeResultsDirectory="6b5934f7-9928-4fe5-b325-8954bdd1899a" />
  </Results>
  <TestDefinitions>
    <UnitTest name="S2Cognition.Integrations.Monday.Core.Tests.Internal.QueryOptionsTests.EnsureGetUsersByAccessTypeWithNewQueryOptionsDefaultsToSameAsOriginalQuery" storage="c:\integrations\s2cognition.integrations\s2cognition.integrations.monday.core.tests\bin\debug\net7.0\s2cognition.integrations.monday.core.tests.dll" id="ca8cc89b-95c4-4a59-05b6-133bc1edac9b">
      <Execution id="17059b17-bb84-4323-8a2f-cc659cd0f959" />
      <TestMethod codeBase="C:\Integrations\S2Cognition.Integrations\S2Cognition.Integrations.Monday.Core.Tests\bin\Debug\net7.0\S2Cognition.Integrations.Monday.Core.Tests.dll" adapterTypeName="executor://xunit/VsTestRunner2/netcoreapp" className="S2Cognition.Integrations.Monday.Core.Tests.Internal.QueryOptionsTests" name="EnsureGetUsersByAccessTypeWithNewQueryOptionsDefaultsToSameAsOriginalQuery" />
    </UnitTest>
    <UnitTest name="S2Cognition.Integrations.Monday.Core.Tests.MondayTests.EnsureGetUsersIsCallable" storage="c:\integrations\s2cognition.integrations\s2cognition.integrations.monday.core.tests\bin\debug\net7.0\s2cognition.integrations.monday.core.tests.dll" id="7879c22d-f4bb-a045-6a39-bd0221cad0a9">
      <Execution id="a79ff6c8-f9fa-49b9-93d8-7d67df167d4f" />
      <TestMethod codeBase="C:\Integrations\S2Cognition.Integrations\S2Cognition.Integrations.Monday.Core.Tests\bin\Debug\net7.0\S2Cognition.Integrations.Monday.Core.Tests.dll" adapterTypeName="executor://xunit/VsTestRunner2/netcoreapp" className="S2Cognition.Integrations.Monday.Core.Tests.MondayTests" name="EnsureGetUsersIsCallable" />
    </UnitTest>
    <UnitTest name="S2Cognition.Integrations.Monday.Core.Tests.Internal.MondayItemsTests.ArchiveItem_Pass" storage="c:\integrations\s2cognition.integrations\s2cognition.integrations.monday.core.tests\bin\debug\net7.0\s2cognition.integrations.monday.core.tests.dll" id="70e1e943-d839-5738-2e19-ede049e672ad">
      <Execution id="49577e46-d353-41f8-a503-5b7f525e17de" />
      <TestMethod codeBase="C:\Integrations\S2Cognition.Integrations\S2Cognition.Integrations.Monday.Core.Tests\bin\Debug\net7.0\S2Cognition.Integrations.Monday.Core.Tests.dll" adapterTypeName="executor://xunit/VsTestRunner2/netcoreapp" className="S2Cognition.Integrations.Monday.Core.Tests.Internal.MondayItemsTests" name="ArchiveItem_Pass" />
    </UnitTest>
    <UnitTest name="S2Cognition.Integrations.Monday.Core.Tests.Internal.QueryOptionsTests.EnsureGetItemsCanReturnMinimums" storage="c:\integrations\s2cognition.integrations\s2cognition.integrations.monday.core.tests\bin\debug\net7.0\s2cognition.integrations.monday.core.tests.dll" id="f40f4a10-7804-b0b1-19cc-183b8b6034d9">
      <Execution id="1a0f1eea-1235-410c-a490-2aabc6dfb3ab" />
      <TestMethod codeBase="C:\Integrations\S2Cognition.Integrations\S2Cognition.Integrations.Monday.Core.Tests\bin\Debug\net7.0\S2Cognition.Integrations.Monday.Core.Tests.dll" adapterTypeName="executor://xunit/VsTestRunner2/netcoreapp" className="S2Cognition.Integrations.Monday.Core.Tests.Internal.QueryOptionsTests" name="EnsureGetItemsCanReturnMinimums" />
    </UnitTest>
    <UnitTest name="S2Cognition.Integrations.Monday.Core.Tests.Internal.QueryOptionsTests.EnsureGetTagsWithNewQueryOptionsDefaultsToSameAsOriginalQuery" storage="c:\integrations\s2cognition.integrations\s2cognition.integrations.monday.core.tests\bin\debug\net7.0\s2cognition.integrations.monday.core.tests.dll" id="904befda-a066-d594-f096-7682165f1bea">
      <Execution id="6cbf5d39-9cbf-44d7-903a-bb491459eba6" />
      <TestMethod codeBase="C:\Integrations\S2Cognition.Integrations\S2Cognition.Integrations.Monday.Core.Tests\bin\Debug\net7.0\S2Cognition.Integrations.Monday.Core.Tests.dll" adapterTypeName="executor://xunit/VsTestRunner2/netcoreapp" className="S2Cognition.Integrations.Monday.Core.Tests.Internal.QueryOptionsTests" name="EnsureGetTagsWithNewQueryOptionsDefaultsToSameAsOriginalQuery" />
    </UnitTest>
    <UnitTest name="S2Cognition.Integrations.Monday.Core.Tests.Internal.QueryOptionsTests.EnsureGetTagCanReturnMinimums" storage="c:\integrations\s2cognition.integrations\s2cognition.integrations.monday.core.tests\bin\debug\net7.0\s2cognition.integrations.monday.core.tests.dll" id="5acd4d80-5c98-c1e6-89be-c4543e302d25">
      <Execution id="5e321b52-7b21-4bef-ad34-024c0a7ef91e" />
      <TestMethod codeBase="C:\Integrations\S2Cognition.Integrations\S2Cognition.Integrations.Monday.Core.Tests\bin\Debug\net7.0\S2Cognition.Integrations.Monday.Core.Tests.dll" adapterTypeName="executor://xunit/VsTestRunner2/netcoreapp" className="S2Cognition.Integrations.Monday.Core.Tests.Internal.QueryOptionsTests" name="EnsureGetTagCanReturnMinimums" />
    </UnitTest>
    <UnitTest name="S2Cognition.Integrations.Monday.Core.Tests.Internal.MondayColumnTests.CreateColumn_Pass" storage="c:\integrations\s2cognition.integrations\s2cognition.integrations.monday.core.tests\bin\debug\net7.0\s2cognition.integrations.monday.core.tests.dll" id="fd5759ff-5cef-d692-26f2-712fc30c6007">
      <Execution id="5e971321-56a6-4e32-8829-a07e639daf1c" />
      <TestMethod codeBase="C:\Integrations\S2Cognition.Integrations\S2Cognition.Integrations.Monday.Core.Tests\bin\Debug\net7.0\S2Cognition.Integrations.Monday.Core.Tests.dll" adapterTypeName="executor://xunit/VsTestRunner2/netcoreapp" className="S2Cognition.Integrations.Monday.Core.Tests.Internal.MondayColumnTests" name="CreateColumn_Pass" />
    </UnitTest>
    <UnitTest name="S2Cognition.Integrations.Monday.Core.Tests.Internal.QueryOptionsTests.EnsureGetBoardWithNewQueryOptionsDefaultsToSameAsOriginalQuery" storage="c:\integrations\s2cognition.integrations\s2cognition.integrations.monday.core.tests\bin\debug\net7.0\s2cognition.integrations.monday.core.tests.dll" id="37321cf0-c01b-eed6-3d62-c68e4caefa2a">
      <Execution id="20ad385b-4e43-4b7f-b033-cc1a2e3a35e3" />
      <TestMethod codeBase="C:\Integrations\S2Cognition.Integrations\S2Cognition.Integrations.Monday.Core.Tests\bin\Debug\net7.0\S2Cognition.Integrations.Monday.Core.Tests.dll" adapterTypeName="executor://xunit/VsTestRunner2/netcoreapp" className="S2Cognition.Integrations.Monday.Core.Tests.Internal.QueryOptionsTests" name="EnsureGetBoardWithNewQueryOptionsDefaultsToSameAsOriginalQuery" />
    </UnitTest>
    <UnitTest name="S2Cognition.Integrations.Monday.Core.Tests.Internal.QueryOptionsTests.EnsureGetGroupsCanReturnMaximums" storage="c:\integrations\s2cognition.integrations\s2cognition.integrations.monday.core.tests\bin\debug\net7.0\s2cognition.integrations.monday.core.tests.dll" id="3b41359e-553a-c4ee-01d7-ffa32d869aeb">
      <Execution id="e6ad0f61-0fed-4438-b088-f553ac7b1411" />
      <TestMethod codeBase="C:\Integrations\S2Cognition.Integrations\S2Cognition.Integrations.Monday.Core.Tests\bin\Debug\net7.0\S2Cognition.Integrations.Monday.Core.Tests.dll" adapterTypeName="executor://xunit/VsTestRunner2/netcoreapp" className="S2Cognition.Integrations.Monday.Core.Tests.Internal.QueryOptionsTests" name="EnsureGetGroupsCanReturnMaximums" />
    </UnitTest>
    <UnitTest name="S2Cognition.Integrations.Monday.Core.Tests.Internal.MondayTeamTests.GetTeams_Pass" storage="c:\integrations\s2cognition.integrations\s2cognition.integrations.monday.core.tests\bin\debug\net7.0\s2cognition.integrations.monday.core.tests.dll" id="29e39a12-0b1b-13ca-8d6c-998304c252ed">
      <Execution id="9fee4768-052b-46c2-99c5-a9fac55ac42b" />
      <TestMethod codeBase="C:\Integrations\S2Cognition.Integrations\S2Cognition.Integrations.Monday.Core.Tests\bin\Debug\net7.0\S2Cognition.Integrations.Monday.Core.Tests.dll" adapterTypeName="executor://xunit/VsTestRunner2/netcoreapp" className="S2Cognition.Integrations.Monday.Core.Tests.Internal.MondayTeamTests" name="GetTeams_Pass" />
    </UnitTest>
    <UnitTest name="S2Cognition.Integrations.Monday.Core.Tests.Internal.QueryOptionsTests.EnsureGetUsersCanReturnMaximums" storage="c:\integrations\s2cognition.integrations\s2cognition.integrations.monday.core.tests\bin\debug\net7.0\s2cognition.integrations.monday.core.tests.dll" id="b7d3a67a-8e46-fe49-d504-31fe9e1a6693">
      <Execution id="380e40f3-ddf5-4111-a485-e103bd40ba01" />
      <TestMethod codeBase="C:\Integrations\S2Cognition.Integrations\S2Cognition.Integrations.Monday.Core.Tests\bin\Debug\net7.0\S2Cognition.Integrations.Monday.Core.Tests.dll" adapterTypeName="executor://xunit/VsTestRunner2/netcoreapp" className="S2Cognition.Integrations.Monday.Core.Tests.Internal.QueryOptionsTests" name="EnsureGetUsersCanReturnMaximums" />
    </UnitTest>
    <UnitTest name="S2Cognition.Integrations.Monday.Core.Tests.Internal.MondayItemsTests.DeleteItem_Pass" storage="c:\integrations\s2cognition.integrations\s2cognition.integrations.monday.core.tests\bin\debug\net7.0\s2cognition.integrations.monday.core.tests.dll" id="e3d40a78-7398-4a22-fa97-68b3e9fe9d7e">
      <Execution id="ab28291c-2a1e-4f33-9193-020abd48c3ac" />
      <TestMethod codeBase="C:\Integrations\S2Cognition.Integrations\S2Cognition.Integrations.Monday.Core.Tests\bin\Debug\net7.0\S2Cognition.Integrations.Monday.Core.Tests.dll" adapterTypeName="executor://xunit/VsTestRunner2/netcoreapp" className="S2Cognition.Integrations.Monday.Core.Tests.Internal.MondayItemsTests" name="DeleteItem_Pass" />
    </UnitTest>
    <UnitTest name="S2Cognition.Integrations.Monday.Core.Tests.Internal.QueryOptionsTests.EnsureGetUserCanReturnMinimums" storage="c:\integrations\s2cognition.integrations\s2cognition.integrations.monday.core.tests\bin\debug\net7.0\s2cognition.integrations.monday.core.tests.dll" id="97c9bf93-e9b6-7153-32b6-e6a19e001765">
      <Execution id="26c9fe63-7c2a-4a3c-9c48-6f1aa61032d0" />
      <TestMethod codeBase="C:\Integrations\S2Cognition.Integrations\S2Cognition.Integrations.Monday.Core.Tests\bin\Debug\net7.0\S2Cognition.Integrations.Monday.Core.Tests.dll" adapterTypeName="executor://xunit/VsTestRunner2/netcoreapp" className="S2Cognition.Integrations.Monday.Core.Tests.Internal.QueryOptionsTests" name="EnsureGetUserCanReturnMinimums" />
    </UnitTest>
    <UnitTest name="S2Cognition.Integrations.Monday.Core.Tests.Internal.QueryOptionsTests.EnsureGetUserCanReturnMaximums" storage="c:\integrations\s2cognition.integrations\s2cognition.integrations.monday.core.tests\bin\debug\net7.0\s2cognition.integrations.monday.core.tests.dll" id="8ed8a62c-d6e9-198e-ae0c-26687ea775fc">
      <Execution id="d990e58e-ecfc-4444-9d05-07bed1f7afe5" />
      <TestMethod codeBase="C:\Integrations\S2Cognition.Integrations\S2Cognition.Integrations.Monday.Core.Tests\bin\Debug\net7.0\S2Cognition.Integrations.Monday.Core.Tests.dll" adapterTypeName="executor://xunit/VsTestRunner2/netcoreapp" className="S2Cognition.Integrations.Monday.Core.Tests.Internal.QueryOptionsTests" name="EnsureGetUserCanReturnMaximums" />
    </UnitTest>
    <UnitTest name="S2Cognition.Integrations.Monday.Core.Tests.Internal.MondaySystemTests.GetComplexity_Pass" storage="c:\integrations\s2cognition.integrations\s2cognition.integrations.monday.core.tests\bin\debug\net7.0\s2cognition.integrations.monday.core.tests.dll" id="b6024c5e-cc9f-6000-9f44-e91bed693a04">
      <Execution id="f6ea825d-4ada-4c72-a9e5-0b9caff0559a" />
      <TestMethod codeBase="C:\Integrations\S2Cognition.Integrations\S2Cognition.Integrations.Monday.Core.Tests\bin\Debug\net7.0\S2Cognition.Integrations.Monday.Core.Tests.dll" adapterTypeName="executor://xunit/VsTestRunner2/netcoreapp" className="S2Cognition.Integrations.Monday.Core.Tests.Internal.MondaySystemTests" name="GetComplexity_Pass" />
    </UnitTest>
    <UnitTest name="S2Cognition.Integrations.Monday.Core.Tests.Internal.QueryOptionsTests.EnsureGetTagCanReturnMaximums" storage="c:\integrations\s2cognition.integrations\s2cognition.integrations.monday.core.tests\bin\debug\net7.0\s2cognition.integrations.monday.core.tests.dll" id="1e4cf267-2c9b-233b-e477-c77c4907d14b">
      <Execution id="1b6679a2-6a69-4e25-bbf4-cc8eb471b42c" />
      <TestMethod codeBase="C:\Integrations\S2Cognition.Integrations\S2Cognition.Integrations.Monday.Core.Tests\bin\Debug\net7.0\S2Cognition.Integrations.Monday.Core.Tests.dll" adapterTypeName="executor://xunit/VsTestRunner2/netcoreapp" className="S2Cognition.Integrations.Monday.Core.Tests.Internal.QueryOptionsTests" name="EnsureGetTagCanReturnMaximums" />
    </UnitTest>
    <UnitTest name="S2Cognition.Integrations.Monday.Core.Tests.Internal.MondayTeamTests.GetTeam_Pass" storage="c:\integrations\s2cognition.integrations\s2cognition.integrations.monday.core.tests\bin\debug\net7.0\s2cognition.integrations.monday.core.tests.dll" id="699e6104-9a78-55e1-d40b-119cadc433c3">
      <Execution id="51327135-fbe3-44fe-9939-4f51fba677da" />
      <TestMethod codeBase="C:\Integrations\S2Cognition.Integrations\S2Cognition.Integrations.Monday.Core.Tests\bin\Debug\net7.0\S2Cognition.Integrations.Monday.Core.Tests.dll" adapterTypeName="executor://xunit/VsTestRunner2/netcoreapp" className="S2Cognition.Integrations.Monday.Core.Tests.Internal.MondayTeamTests" name="GetTeam_Pass" />
    </UnitTest>
    <UnitTest name="S2Cognition.Integrations.Monday.Core.Tests.Internal.MondayItemsTests.CustomQueryOrMutation_Pass" storage="c:\integrations\s2cognition.integrations\s2cognition.integrations.monday.core.tests\bin\debug\net7.0\s2cognition.integrations.monday.core.tests.dll" id="1f28150e-cea8-6a19-096e-e7f09fc4f033">
      <Execution id="6b5934f7-9928-4fe5-b325-8954bdd1899a" />
      <TestMethod codeBase="C:\Integrations\S2Cognition.Integrations\S2Cognition.Integrations.Monday.Core.Tests\bin\Debug\net7.0\S2Cognition.Integrations.Monday.Core.Tests.dll" adapterTypeName="executor://xunit/VsTestRunner2/netcoreapp" className="S2Cognition.Integrations.Monday.Core.Tests.Internal.MondayItemsTests" name="CustomQueryOrMutation_Pass" />
    </UnitTest>
    <UnitTest name="S2Cognition.Integrations.Monday.Core.Tests.Internal.QueryOptionsTests.EnsureGetGroupsCanReturnMinimums" storage="c:\integrations\s2cognition.integrations\s2cognition.integrations.monday.core.tests\bin\debug\net7.0\s2cognition.integrations.monday.core.tests.dll" id="7d34bcc7-299a-cd33-e29a-dd50b189da87">
      <Execution id="bbcc34da-42ba-4a7b-bcdb-10e5bf654a78" />
      <TestMethod codeBase="C:\Integrations\S2Cognition.Integrations\S2Cognition.Integrations.Monday.Core.Tests\bin\Debug\net7.0\S2Cognition.Integrations.Monday.Core.Tests.dll" adapterTypeName="executor://xunit/VsTestRunner2/netcoreapp" className="S2Cognition.Integrations.Monday.Core.Tests.Internal.QueryOptionsTests" name="EnsureGetGroupsCanReturnMinimums" />
    </UnitTest>
    <UnitTest name="S2Cognition.Integrations.Monday.Core.Tests.Internal.QueryOptionsTests.EnsureGetGroupsWithNewQueryOptionsDefaultsToSameAsOriginalQuery" storage="c:\integrations\s2cognition.integrations\s2cognition.integrations.monday.core.tests\bin\debug\net7.0\s2cognition.integrations.monday.core.tests.dll" id="0989752e-4baa-5cb4-5a19-785a2f9a8b1c">
      <Execution id="3e0dae2e-0c63-4504-a3e4-a1d80913ed9f" />
      <TestMethod codeBase="C:\Integrations\S2Cognition.Integrations\S2Cognition.Integrations.Monday.Core.Tests\bin\Debug\net7.0\S2Cognition.Integrations.Monday.Core.Tests.dll" adapterTypeName="executor://xunit/VsTestRunner2/netcoreapp" className="S2Cognition.Integrations.Monday.Core.Tests.Internal.QueryOptionsTests" name="EnsureGetGroupsWithNewQueryOptionsDefaultsToSameAsOriginalQuery" />
    </UnitTest>
    <UnitTest name="S2Cognition.Integrations.Monday.Core.Tests.Internal.MondayColumnTests.UpdateColumn_Pass" storage="c:\integrations\s2cognition.integrations\s2cognition.integrations.monday.core.tests\bin\debug\net7.0\s2cognition.integrations.monday.core.tests.dll" id="c245435d-b0a3-64c2-7ed0-ff76f4852c23">
      <Execution id="bc52f9fd-0a79-413e-8e37-80c4da0a48f5" />
      <TestMethod codeBase="C:\Integrations\S2Cognition.Integrations\S2Cognition.Integrations.Monday.Core.Tests\bin\Debug\net7.0\S2Cognition.Integrations.Monday.Core.Tests.dll" adapterTypeName="executor://xunit/VsTestRunner2/netcoreapp" className="S2Cognition.Integrations.Monday.Core.Tests.Internal.MondayColumnTests" name="UpdateColumn_Pass" />
    </UnitTest>
    <UnitTest name="S2Cognition.Integrations.Monday.Core.Tests.Internal.QueryOptionsTests.EnsureGetUsersWithNewQueryOptionsDefaultsToSameAsOriginalQuery" storage="c:\integrations\s2cognition.integrations\s2cognition.integrations.monday.core.tests\bin\debug\net7.0\s2cognition.integrations.monday.core.tests.dll" id="4020b962-22b9-9020-b548-6e681ed8f485">
      <Execution id="c1918d72-2867-4eed-be01-3b0ab19025f3" />
      <TestMethod codeBase="C:\Integrations\S2Cognition.Integrations\S2Cognition.Integrations.Monday.Core.Tests\bin\Debug\net7.0\S2Cognition.Integrations.Monday.Core.Tests.dll" adapterTypeName="executor://xunit/VsTestRunner2/netcoreapp" className="S2Cognition.Integrations.Monday.Core.Tests.Internal.QueryOptionsTests" name="EnsureGetUsersWithNewQueryOptionsDefaultsToSameAsOriginalQuery" />
    </UnitTest>
    <UnitTest name="S2Cognition.Integrations.Monday.Core.Tests.Internal.MondayItemsTests.GetItems_Pass" storage="c:\integrations\s2cognition.integrations\s2cognition.integrations.monday.core.tests\bin\debug\net7.0\s2cognition.integrations.monday.core.tests.dll" id="286a79c1-cf38-10b2-3c66-6238db8d2e6b">
      <Execution id="4680bcb4-cfd1-4dd2-86e0-dc643002a2c3" />
      <TestMethod codeBase="C:\Integrations\S2Cognition.Integrations\S2Cognition.Integrations.Monday.Core.Tests\bin\Debug\net7.0\S2Cognition.Integrations.Monday.Core.Tests.dll" adapterTypeName="executor://xunit/VsTestRunner2/netcoreapp" className="S2Cognition.Integrations.Monday.Core.Tests.Internal.MondayItemsTests" name="GetItems_Pass" />
    </UnitTest>
    <UnitTest name="S2Cognition.Integrations.Monday.Core.Tests.Internal.QueryOptionsTests.EnsureGetItemCanReturnMinimums" storage="c:\integrations\s2cognition.integrations\s2cognition.integrations.monday.core.tests\bin\debug\net7.0\s2cognition.integrations.monday.core.tests.dll" id="670e15a2-2818-00a1-83de-8910400e8cfd">
      <Execution id="cd9154b7-afc2-4079-ba8e-947d13c7bb9d" />
      <TestMethod codeBase="C:\Integrations\S2Cognition.Integrations\S2Cognition.Integrations.Monday.Core.Tests\bin\Debug\net7.0\S2Cognition.Integrations.Monday.Core.Tests.dll" adapterTypeName="executor://xunit/VsTestRunner2/netcoreapp" className="S2Cognition.Integrations.Monday.Core.Tests.Internal.QueryOptionsTests" name="EnsureGetItemCanReturnMinimums" />
    </UnitTest>
    <UnitTest name="S2Cognition.Integrations.Monday.Core.Tests.Internal.MondayGroupsTests.ArchiveGroup_Pass" storage="c:\integrations\s2cognition.integrations\s2cognition.integrations.monday.core.tests\bin\debug\net7.0\s2cognition.integrations.monday.core.tests.dll" id="6772f89f-c983-ba69-e6fa-efff4c2a9593">
      <Execution id="aceadbcb-b7cd-45bf-8648-e8ea4303c9aa" />
      <TestMethod codeBase="C:\Integrations\S2Cognition.Integrations\S2Cognition.Integrations.Monday.Core.Tests\bin\Debug\net7.0\S2Cognition.Integrations.Monday.Core.Tests.dll" adapterTypeName="executor://xunit/VsTestRunner2/netcoreapp" className="S2Cognition.Integrations.Monday.Core.Tests.Internal.MondayGroupsTests" name="ArchiveGroup_Pass" />
    </UnitTest>
    <UnitTest name="S2Cognition.Integrations.Monday.Core.Tests.Internal.MondayBoardTests.ArchiveBoard_Pass" storage="c:\integrations\s2cognition.integrations\s2cognition.integrations.monday.core.tests\bin\debug\net7.0\s2cognition.integrations.monday.core.tests.dll" id="37051fb3-77bb-cf2b-6c03-648a546869cc">
      <Execution id="7480ef7d-87d6-4034-989a-277b5fd52e8b" />
      <TestMethod codeBase="C:\Integrations\S2Cognition.Integrations\S2Cognition.Integrations.Monday.Core.Tests\bin\Debug\net7.0\S2Cognition.Integrations.Monday.Core.Tests.dll" adapterTypeName="executor://xunit/VsTestRunner2/netcoreapp" className="S2Cognition.Integrations.Monday.Core.Tests.Internal.MondayBoardTests" name="ArchiveBoard_Pass" />
    </UnitTest>
    <UnitTest name="S2Cognition.Integrations.Monday.Core.Tests.Internal.QueryOptionsTests.EnsureGetItemsCanReturnMaximums" storage="c:\integrations\s2cognition.integrations\s2cognition.integrations.monday.core.tests\bin\debug\net7.0\s2cognition.integrations.monday.core.tests.dll" id="f1227b7d-c8f7-8375-5cb6-1b981226c09d">
      <Execution id="357db305-e913-48e7-8a09-15fbe32d2e1b" />
      <TestMethod codeBase="C:\Integrations\S2Cognition.Integrations\S2Cognition.Integrations.Monday.Core.Tests\bin\Debug\net7.0\S2Cognition.Integrations.Monday.Core.Tests.dll" adapterTypeName="executor://xunit/VsTestRunner2/netcoreapp" className="S2Cognition.Integrations.Monday.Core.Tests.Internal.QueryOptionsTests" name="EnsureGetItemsCanReturnMaximums" />
    </UnitTest>
    <UnitTest name="S2Cognition.Integrations.Monday.Core.Tests.Internal.QueryOptionsTests.EnsureGetTagsCanReturnMaximums" storage="c:\integrations\s2cognition.integrations\s2cognition.integrations.monday.core.tests\bin\debug\net7.0\s2cognition.integrations.monday.core.tests.dll" id="6a7b4e50-2875-002c-db7c-87121ab38351">
      <Execution id="8ccf0c95-3897-4bb1-a296-69eefa6fb4a3" />
      <TestMethod codeBase="C:\Integrations\S2Cognition.Integrations\S2Cognition.Integrations.Monday.Core.Tests\bin\Debug\net7.0\S2Cognition.Integrations.Monday.Core.Tests.dll" adapterTypeName="executor://xunit/VsTestRunner2/netcoreapp" className="S2Cognition.Integrations.Monday.Core.Tests.Internal.QueryOptionsTests" name="EnsureGetTagsCanReturnMaximums" />
    </UnitTest>
    <UnitTest name="S2Cognition.Integrations.Monday.Core.Tests.Internal.QueryOptionsTests.EnsureGetTagWithNewQueryOptionsDefaultsToSameAsOriginalQuery" storage="c:\integrations\s2cognition.integrations\s2cognition.integrations.monday.core.tests\bin\debug\net7.0\s2cognition.integrations.monday.core.tests.dll" id="c72e751f-4715-ef7d-d196-f91200915af9">
      <Execution id="e15ab746-7edc-475f-a8c1-b918e01b8027" />
      <TestMethod codeBase="C:\Integrations\S2Cognition.Integrations\S2Cognition.Integrations.Monday.Core.Tests\bin\Debug\net7.0\S2Cognition.Integrations.Monday.Core.Tests.dll" adapterTypeName="executor://xunit/VsTestRunner2/netcoreapp" className="S2Cognition.Integrations.Monday.Core.Tests.Internal.QueryOptionsTests" name="EnsureGetTagWithNewQueryOptionsDefaultsToSameAsOriginalQuery" />
    </UnitTest>
    <UnitTest name="S2Cognition.Integrations.Monday.Core.Tests.Internal.QueryOptionsTests.EnsureGetTeamCanReturnMaximums" storage="c:\integrations\s2cognition.integrations\s2cognition.integrations.monday.core.tests\bin\debug\net7.0\s2cognition.integrations.monday.core.tests.dll" id="e1d12073-8a41-eb5a-464c-27f8af3d47be">
      <Execution id="dbfec203-b9d8-43d8-8201-b1b842ea2002" />
      <TestMethod codeBase="C:\Integrations\S2Cognition.Integrations\S2Cognition.Integrations.Monday.Core.Tests\bin\Debug\net7.0\S2Cognition.Integrations.Monday.Core.Tests.dll" adapterTypeName="executor://xunit/VsTestRunner2/netcoreapp" className="S2Cognition.Integrations.Monday.Core.Tests.Internal.QueryOptionsTests" name="EnsureGetTeamCanReturnMaximums" />
    </UnitTest>
    <UnitTest name="S2Cognition.Integrations.Monday.Core.Tests.Internal.MondayTagsTests.GetTag_Pass" storage="c:\integrations\s2cognition.integrations\s2cognition.integrations.monday.core.tests\bin\debug\net7.0\s2cognition.integrations.monday.core.tests.dll" id="5ff0fe88-c4c8-57d3-5b1a-3f39e1a69737">
      <Execution id="0ff7054d-31dc-44fe-8284-658c26aecc1a" />
      <TestMethod codeBase="C:\Integrations\S2Cognition.Integrations\S2Cognition.Integrations.Monday.Core.Tests\bin\Debug\net7.0\S2Cognition.Integrations.Monday.Core.Tests.dll" adapterTypeName="executor://xunit/VsTestRunner2/netcoreapp" className="S2Cognition.Integrations.Monday.Core.Tests.Internal.MondayTagsTests" name="GetTag_Pass" />
    </UnitTest>
    <UnitTest name="S2Cognition.Integrations.Monday.Core.Tests.Internal.QueryOptionsTests.EnsureGetTagsCanReturnMinimums" storage="c:\integrations\s2cognition.integrations\s2cognition.integrations.monday.core.tests\bin\debug\net7.0\s2cognition.integrations.monday.core.tests.dll" id="83d01415-0376-964e-248c-a57968d4c4ba">
      <Execution id="cde8b631-0470-4601-b1e0-f4666db48548" />
      <TestMethod codeBase="C:\Integrations\S2Cognition.Integrations\S2Cognition.Integrations.Monday.Core.Tests\bin\Debug\net7.0\S2Cognition.Integrations.Monday.Core.Tests.dll" adapterTypeName="executor://xunit/VsTestRunner2/netcoreapp" className="S2Cognition.Integrations.Monday.Core.Tests.Internal.QueryOptionsTests" name="EnsureGetTagsCanReturnMinimums" />
    </UnitTest>
    <UnitTest name="S2Cognition.Integrations.Monday.Core.Tests.Internal.MondayUserTests.GetUsers_Pass" storage="c:\integrations\s2cognition.integrations\s2cognition.integrations.monday.core.tests\bin\debug\net7.0\s2cognition.integrations.monday.core.tests.dll" id="a6be2696-0cfa-7509-97d1-769ed4f8bc42">
      <Execution id="6a8f3c96-416b-4c83-aba0-50a6f813cdf5" />
      <TestMethod codeBase="C:\Integrations\S2Cognition.Integrations\S2Cognition.Integrations.Monday.Core.Tests\bin\Debug\net7.0\S2Cognition.Integrations.Monday.Core.Tests.dll" adapterTypeName="executor://xunit/VsTestRunner2/netcoreapp" className="S2Cognition.Integrations.Monday.Core.Tests.Internal.MondayUserTests" name="GetUsers_Pass" />
    </UnitTest>
    <UnitTest name="S2Cognition.Integrations.Monday.Core.Tests.Internal.MondayUpdatesTests.CreateUpdate_Pass" storage="c:\integrations\s2cognition.integrations\s2cognition.integrations.monday.core.tests\bin\debug\net7.0\s2cognition.integrations.monday.core.tests.dll" id="3aa2df7a-4bcf-30d2-3510-215610c27c6a">
      <Execution id="bee1993e-6dab-4272-a547-b867937f330d" />
      <TestMethod codeBase="C:\Integrations\S2Cognition.Integrations\S2Cognition.Integrations.Monday.Core.Tests\bin\Debug\net7.0\S2Cognition.Integrations.Monday.Core.Tests.dll" adapterTypeName="executor://xunit/VsTestRunner2/netcoreapp" className="S2Cognition.Integrations.Monday.Core.Tests.Internal.MondayUpdatesTests" name="CreateUpdate_Pass" />
    </UnitTest>
    <UnitTest name="S2Cognition.Integrations.Monday.Core.Tests.Internal.QueryOptionsTests.EnsureGetItemWithNewQueryOptionsDefaultsToSameAsOriginalQuery" storage="c:\integrations\s2cognition.integrations\s2cognition.integrations.monday.core.tests\bin\debug\net7.0\s2cognition.integrations.monday.core.tests.dll" id="c4ed5dd6-97b8-f60b-60a1-3ed3850e6fa1">
      <Execution id="513273dd-b611-47bb-b586-14806fd344a2" />
      <TestMethod codeBase="C:\Integrations\S2Cognition.Integrations\S2Cognition.Integrations.Monday.Core.Tests\bin\Debug\net7.0\S2Cognition.Integrations.Monday.Core.Tests.dll" adapterTypeName="executor://xunit/VsTestRunner2/netcoreapp" className="S2Cognition.Integrations.Monday.Core.Tests.Internal.QueryOptionsTests" name="EnsureGetItemWithNewQueryOptionsDefaultsToSameAsOriginalQuery" />
    </UnitTest>
    <UnitTest name="S2Cognition.Integrations.Monday.Core.Tests.Internal.MondayTagsTests.GetTags_Pass" storage="c:\integrations\s2cognition.integrations\s2cognition.integrations.monday.core.tests\bin\debug\net7.0\s2cognition.integrations.monday.core.tests.dll" id="3cc1457a-7db2-e650-a582-3cc4ef74bd86">
      <Execution id="749f266a-6c26-4ab5-ac0f-4f1e3b4cf725" />
      <TestMethod codeBase="C:\Integrations\S2Cognition.Integrations\S2Cognition.Integrations.Monday.Core.Tests\bin\Debug\net7.0\S2Cognition.Integrations.Monday.Core.Tests.dll" adapterTypeName="executor://xunit/VsTestRunner2/netcoreapp" className="S2Cognition.Integrations.Monday.Core.Tests.Internal.MondayTagsTests" name="GetTags_Pass" />
    </UnitTest>
    <UnitTest name="S2Cognition.Integrations.Monday.Core.Tests.Internal.MondayBoardTests.GetBoards_Pass" storage="c:\integrations\s2cognition.integrations\s2cognition.integrations.monday.core.tests\bin\debug\net7.0\s2cognition.integrations.monday.core.tests.dll" id="46c88540-33b2-2fcf-a4ea-24e23c1d5ff9">
      <Execution id="5187a66a-727c-440c-bea3-a85fbc9b7ccc" />
      <TestMethod codeBase="C:\Integrations\S2Cognition.Integrations\S2Cognition.Integrations.Monday.Core.Tests\bin\Debug\net7.0\S2Cognition.Integrations.Monday.Core.Tests.dll" adapterTypeName="executor://xunit/VsTestRunner2/netcoreapp" className="S2Cognition.Integrations.Monday.Core.Tests.Internal.MondayBoardTests" name="GetBoards_Pass" />
    </UnitTest>
    <UnitTest name="S2Cognition.Integrations.Monday.Core.Tests.Internal.MondayItemsTests.CreateItem_Pass" storage="c:\integrations\s2cognition.integrations\s2cognition.integrations.monday.core.tests\bin\debug\net7.0\s2cognition.integrations.monday.core.tests.dll" id="e200f5e5-ea4d-ef93-2426-d0d7b0ec2c29">
      <Execution id="d679d7ce-8e40-4b94-803f-d6f6d667a685" />
      <TestMethod codeBase="C:\Integrations\S2Cognition.Integrations\S2Cognition.Integrations.Monday.Core.Tests\bin\Debug\net7.0\S2Cognition.Integrations.Monday.Core.Tests.dll" adapterTypeName="executor://xunit/VsTestRunner2/netcoreapp" className="S2Cognition.Integrations.Monday.Core.Tests.Internal.MondayItemsTests" name="CreateItem_Pass" />
    </UnitTest>
    <UnitTest name="S2Cognition.Integrations.Monday.Core.Tests.Internal.QueryOptionsTests.EnsureGetBoardCanReturnMaximums" storage="c:\integrations\s2cognition.integrations\s2cognition.integrations.monday.core.tests\bin\debug\net7.0\s2cognition.integrations.monday.core.tests.dll" id="856bbfd7-07ce-4e80-13d9-f04e4e3755c8">
      <Execution id="3861862d-2429-44ef-9463-64f4230b489e" />
      <TestMethod codeBase="C:\Integrations\S2Cognition.Integrations\S2Cognition.Integrations.Monday.Core.Tests\bin\Debug\net7.0\S2Cognition.Integrations.Monday.Core.Tests.dll" adapterTypeName="executor://xunit/VsTestRunner2/netcoreapp" className="S2Cognition.Integrations.Monday.Core.Tests.Internal.QueryOptionsTests" name="EnsureGetBoardCanReturnMaximums" />
    </UnitTest>
    <UnitTest name="S2Cognition.Integrations.Monday.Core.Tests.Internal.QueryOptionsTests.EnsureGetTeamsCanReturnMaximums" storage="c:\integrations\s2cognition.integrations\s2cognition.integrations.monday.core.tests\bin\debug\net7.0\s2cognition.integrations.monday.core.tests.dll" id="bf6d4cfe-f7f8-bda4-adec-4a809b3ae095">
      <Execution id="505eaaf8-f423-44f4-91d9-441a9b722f5c" />
      <TestMethod codeBase="C:\Integrations\S2Cognition.Integrations\S2Cognition.Integrations.Monday.Core.Tests\bin\Debug\net7.0\S2Cognition.Integrations.Monday.Core.Tests.dll" adapterTypeName="executor://xunit/VsTestRunner2/netcoreapp" className="S2Cognition.Integrations.Monday.Core.Tests.Internal.QueryOptionsTests" name="EnsureGetTeamsCanReturnMaximums" />
    </UnitTest>
    <UnitTest name="S2Cognition.Integrations.Monday.Core.Tests.Internal.MondayTagsTests.CreateTag_Pass" storage="c:\integrations\s2cognition.integrations\s2cognition.integrations.monday.core.tests\bin\debug\net7.0\s2cognition.integrations.monday.core.tests.dll" id="6e24f7c2-254d-33e4-faf1-26dea1d1bc54">
      <Execution id="2bbe41cb-3350-4a44-bfa7-7af2e6a32361" />
      <TestMethod codeBase="C:\Integrations\S2Cognition.Integrations\S2Cognition.Integrations.Monday.Core.Tests\bin\Debug\net7.0\S2Cognition.Integrations.Monday.Core.Tests.dll" adapterTypeName="executor://xunit/VsTestRunner2/netcoreapp" className="S2Cognition.Integrations.Monday.Core.Tests.Internal.MondayTagsTests" name="CreateTag_Pass" />
    </UnitTest>
    <UnitTest name="S2Cognition.Integrations.Monday.Core.Tests.Internal.QueryOptionsTests.EnsureGetItemsWithNewQueryOptionsDefaultsToSameAsOriginalQuery" storage="c:\integrations\s2cognition.integrations\s2cognition.integrations.monday.core.tests\bin\debug\net7.0\s2cognition.integrations.monday.core.tests.dll" id="582bd4da-d563-0a40-db6b-689ff84cf20b">
      <Execution id="3272cd52-0a17-4c1a-b1c8-6e8192f51005" />
      <TestMethod codeBase="C:\Integrations\S2Cognition.Integrations\S2Cognition.Integrations.Monday.Core.Tests\bin\Debug\net7.0\S2Cognition.Integrations.Monday.Core.Tests.dll" adapterTypeName="executor://xunit/VsTestRunner2/netcoreapp" className="S2Cognition.Integrations.Monday.Core.Tests.Internal.QueryOptionsTests" name="EnsureGetItemsWithNewQueryOptionsDefaultsToSameAsOriginalQuery" />
    </UnitTest>
    <UnitTest name="S2Cognition.Integrations.Monday.Core.Tests.Internal.MondayUpdatesTests.ClearItemUpdates_Pass" storage="c:\integrations\s2cognition.integrations\s2cognition.integrations.monday.core.tests\bin\debug\net7.0\s2cognition.integrations.monday.core.tests.dll" id="5ba5d283-3fc5-9bfc-7776-8e3e68851e24">
      <Execution id="ddf5ad00-0bb1-4c90-b31c-3f6e3f5fbb03" />
      <TestMethod codeBase="C:\Integrations\S2Cognition.Integrations\S2Cognition.Integrations.Monday.Core.Tests\bin\Debug\net7.0\S2Cognition.Integrations.Monday.Core.Tests.dll" adapterTypeName="executor://xunit/VsTestRunner2/netcoreapp" className="S2Cognition.Integrations.Monday.Core.Tests.Internal.MondayUpdatesTests" name="ClearItemUpdates_Pass" />
    </UnitTest>
    <UnitTest name="S2Cognition.Integrations.Monday.Core.Tests.Internal.QueryOptionsTests.EnsureGetItemCanReturnMaximums" storage="c:\integrations\s2cognition.integrations\s2cognition.integrations.monday.core.tests\bin\debug\net7.0\s2cognition.integrations.monday.core.tests.dll" id="b0364036-532a-17f0-e240-4b2f7553b7e5">
      <Execution id="6ed118e1-46fd-4623-8216-a0b6538c5871" />
      <TestMethod codeBase="C:\Integrations\S2Cognition.Integrations\S2Cognition.Integrations.Monday.Core.Tests\bin\Debug\net7.0\S2Cognition.Integrations.Monday.Core.Tests.dll" adapterTypeName="executor://xunit/VsTestRunner2/netcoreapp" className="S2Cognition.Integrations.Monday.Core.Tests.Internal.QueryOptionsTests" name="EnsureGetItemCanReturnMaximums" />
    </UnitTest>
    <UnitTest name="S2Cognition.Integrations.Monday.Core.Tests.Internal.QueryOptionsTests.EnsureGetUserWithNewQueryOptionsDefaultsToSameAsOriginalQuery" storage="c:\integrations\s2cognition.integrations\s2cognition.integrations.monday.core.tests\bin\debug\net7.0\s2cognition.integrations.monday.core.tests.dll" id="a94027fb-8741-0358-60a0-79da4714131a">
      <Execution id="1d4086d5-15b3-4bd1-b77e-9997a3f3b6d2" />
      <TestMethod codeBase="C:\Integrations\S2Cognition.Integrations\S2Cognition.Integrations.Monday.Core.Tests\bin\Debug\net7.0\S2Cognition.Integrations.Monday.Core.Tests.dll" adapterTypeName="executor://xunit/VsTestRunner2/netcoreapp" className="S2Cognition.Integrations.Monday.Core.Tests.Internal.QueryOptionsTests" name="EnsureGetUserWithNewQueryOptionsDefaultsToSameAsOriginalQuery" />
    </UnitTest>
    <UnitTest name="S2Cognition.Integrations.Monday.Core.Tests.Internal.QueryOptionsTests.EnsureGetBoardsCanReturnMaximums" storage="c:\integrations\s2cognition.integrations\s2cognition.integrations.monday.core.tests\bin\debug\net7.0\s2cognition.integrations.monday.core.tests.dll" id="b6298783-c9b1-ba27-491e-9e45d1b4abea">
      <Execution id="0478a6b7-1bcd-488d-b1ad-14f4d9afc86f" />
      <TestMethod codeBase="C:\Integrations\S2Cognition.Integrations\S2Cognition.Integrations.Monday.Core.Tests\bin\Debug\net7.0\S2Cognition.Integrations.Monday.Core.Tests.dll" adapterTypeName="executor://xunit/VsTestRunner2/netcoreapp" className="S2Cognition.Integrations.Monday.Core.Tests.Internal.QueryOptionsTests" name="EnsureGetBoardsCanReturnMaximums" />
    </UnitTest>
    <UnitTest name="S2Cognition.Integrations.Monday.Core.Tests.Internal.MondayBoardTests.CreateBoard_Pass" storage="c:\integrations\s2cognition.integrations\s2cognition.integrations.monday.core.tests\bin\debug\net7.0\s2cognition.integrations.monday.core.tests.dll" id="5e07aaee-af05-c07d-f2b3-414cd34710c1">
      <Execution id="e08bcfe0-fd4b-4d2b-b22c-0cbc63763493" />
      <TestMethod codeBase="C:\Integrations\S2Cognition.Integrations\S2Cognition.Integrations.Monday.Core.Tests\bin\Debug\net7.0\S2Cognition.Integrations.Monday.Core.Tests.dll" adapterTypeName="executor://xunit/VsTestRunner2/netcoreapp" className="S2Cognition.Integrations.Monday.Core.Tests.Internal.MondayBoardTests" name="CreateBoard_Pass" />
    </UnitTest>
    <UnitTest name="S2Cognition.Integrations.Monday.Core.Tests.Internal.MondaySystemTests.GetRateLimit_Pass" storage="c:\integrations\s2cognition.integrations\s2cognition.integrations.monday.core.tests\bin\debug\net7.0\s2cognition.integrations.monday.core.tests.dll" id="4de8177c-a3ef-ef0e-c081-9ae3f23c7531">
      <Execution id="87836961-0a22-4933-8cf1-6bcb99cac5e6" />
      <TestMethod codeBase="C:\Integrations\S2Cognition.Integrations\S2Cognition.Integrations.Monday.Core.Tests\bin\Debug\net7.0\S2Cognition.Integrations.Monday.Core.Tests.dll" adapterTypeName="executor://xunit/VsTestRunner2/netcoreapp" className="S2Cognition.Integrations.Monday.Core.Tests.Internal.MondaySystemTests" name="GetRateLimit_Pass" />
    </UnitTest>
    <UnitTest name="S2Cognition.Integrations.Monday.Core.Tests.Internal.MondayBoardTests.GetBoard_Pass" storage="c:\integrations\s2cognition.integrations\s2cognition.integrations.monday.core.tests\bin\debug\net7.0\s2cognition.integrations.monday.core.tests.dll" id="7785283e-2fa2-577d-b099-0811bd86332e">
      <Execution id="207351fb-7077-4865-a359-5b16c3122193" />
      <TestMethod codeBase="C:\Integrations\S2Cognition.Integrations\S2Cognition.Integrations.Monday.Core.Tests\bin\Debug\net7.0\S2Cognition.Integrations.Monday.Core.Tests.dll" adapterTypeName="executor://xunit/VsTestRunner2/netcoreapp" className="S2Cognition.Integrations.Monday.Core.Tests.Internal.MondayBoardTests" name="GetBoard_Pass" />
    </UnitTest>
    <UnitTest name="S2Cognition.Integrations.Monday.Core.Tests.Internal.QueryOptionsTests.EnsureGetTeamsCanReturnMinimums" storage="c:\integrations\s2cognition.integrations\s2cognition.integrations.monday.core.tests\bin\debug\net7.0\s2cognition.integrations.monday.core.tests.dll" id="002eaebf-a01f-d452-7b16-eb46be988df6">
      <Execution id="3a1a3a99-05bf-4ecc-a7aa-6db93de0c848" />
      <TestMethod codeBase="C:\Integrations\S2Cognition.Integrations\S2Cognition.Integrations.Monday.Core.Tests\bin\Debug\net7.0\S2Cognition.Integrations.Monday.Core.Tests.dll" adapterTypeName="executor://xunit/VsTestRunner2/netcoreapp" className="S2Cognition.Integrations.Monday.Core.Tests.Internal.QueryOptionsTests" name="EnsureGetTeamsCanReturnMinimums" />
    </UnitTest>
    <UnitTest name="S2Cognition.Integrations.Monday.Core.Tests.Internal.QueryOptionsTests.EnsureGetTeamCanReturnMinimums" storage="c:\integrations\s2cognition.integrations\s2cognition.integrations.monday.core.tests\bin\debug\net7.0\s2cognition.integrations.monday.core.tests.dll" id="9494a386-627a-d9e9-f044-8a9379f54cd7">
      <Execution id="97fdb99b-0072-4b54-a954-24626daf3183" />
      <TestMethod codeBase="C:\Integrations\S2Cognition.Integrations\S2Cognition.Integrations.Monday.Core.Tests\bin\Debug\net7.0\S2Cognition.Integrations.Monday.Core.Tests.dll" adapterTypeName="executor://xunit/VsTestRunner2/netcoreapp" className="S2Cognition.Integrations.Monday.Core.Tests.Internal.QueryOptionsTests" name="EnsureGetTeamCanReturnMinimums" />
    </UnitTest>
    <UnitTest name="S2Cognition.Integrations.Monday.Core.Tests.Internal.QueryOptionsTests.EnsureGetBoardsWithNewQueryOptionsDefaultsToSameAsOriginalQuery" storage="c:\integrations\s2cognition.integrations\s2cognition.integrations.monday.core.tests\bin\debug\net7.0\s2cognition.integrations.monday.core.tests.dll" id="74274b9a-6c05-5e11-57f4-f07a126b1d72">
      <Execution id="0e28b32c-1873-49f4-a157-5141678c2914" />
      <TestMethod codeBase="C:\Integrations\S2Cognition.Integrations\S2Cognition.Integrations.Monday.Core.Tests\bin\Debug\net7.0\S2Cognition.Integrations.Monday.Core.Tests.dll" adapterTypeName="executor://xunit/VsTestRunner2/netcoreapp" className="S2Cognition.Integrations.Monday.Core.Tests.Internal.QueryOptionsTests" name="EnsureGetBoardsWithNewQueryOptionsDefaultsToSameAsOriginalQuery" />
    </UnitTest>
    <UnitTest name="S2Cognition.Integrations.Monday.Core.Tests.Internal.QueryOptionsTests.EnsureGetTeamWithNewQueryOptionsDefaultsToSameAsOriginalQuery" storage="c:\integrations\s2cognition.integrations\s2cognition.integrations.monday.core.tests\bin\debug\net7.0\s2cognition.integrations.monday.core.tests.dll" id="f2e1c8e0-2aa8-c927-fab7-283c464add20">
      <Execution id="155345bd-b1af-4cb7-adc6-f531b8b5ef16" />
      <TestMethod codeBase="C:\Integrations\S2Cognition.Integrations\S2Cognition.Integrations.Monday.Core.Tests\bin\Debug\net7.0\S2Cognition.Integrations.Monday.Core.Tests.dll" adapterTypeName="executor://xunit/VsTestRunner2/netcoreapp" className="S2Cognition.Integrations.Monday.Core.Tests.Internal.QueryOptionsTests" name="EnsureGetTeamWithNewQueryOptionsDefaultsToSameAsOriginalQuery" />
    </UnitTest>
    <UnitTest name="S2Cognition.Integrations.Monday.Core.Tests.Internal.MondayUserTests.GetUsers_UserAccessTypes_Pass" storage="c:\integrations\s2cognition.integrations\s2cognition.integrations.monday.core.tests\bin\debug\net7.0\s2cognition.integrations.monday.core.tests.dll" id="58de10b4-534b-6f18-2f4c-a723eb0766d0">
      <Execution id="3d48b0ea-7ba1-4a62-8dca-bc81bb097f84" />
      <TestMethod codeBase="C:\Integrations\S2Cognition.Integrations\S2Cognition.Integrations.Monday.Core.Tests\bin\Debug\net7.0\S2Cognition.Integrations.Monday.Core.Tests.dll" adapterTypeName="executor://xunit/VsTestRunner2/netcoreapp" className="S2Cognition.Integrations.Monday.Core.Tests.Internal.MondayUserTests" name="GetUsers_UserAccessTypes_Pass" />
    </UnitTest>
    <UnitTest name="S2Cognition.Integrations.Monday.Core.Tests.Internal.MondayGroupsTests.CreateGroup_Pass" storage="c:\integrations\s2cognition.integrations\s2cognition.integrations.monday.core.tests\bin\debug\net7.0\s2cognition.integrations.monday.core.tests.dll" id="8687e80b-497d-c3e0-d1a0-623791adeab4">
      <Execution id="e2e4d2a7-18fa-4a2e-be14-bbdcbf658b96" />
      <TestMethod codeBase="C:\Integrations\S2Cognition.Integrations\S2Cognition.Integrations.Monday.Core.Tests\bin\Debug\net7.0\S2Cognition.Integrations.Monday.Core.Tests.dll" adapterTypeName="executor://xunit/VsTestRunner2/netcoreapp" className="S2Cognition.Integrations.Monday.Core.Tests.Internal.MondayGroupsTests" name="CreateGroup_Pass" />
    </UnitTest>
    <UnitTest name="S2Cognition.Integrations.Monday.Core.Tests.Internal.QueryOptionsTests.EnsureGetBoardCanReturnMinimums" storage="c:\integrations\s2cognition.integrations\s2cognition.integrations.monday.core.tests\bin\debug\net7.0\s2cognition.integrations.monday.core.tests.dll" id="60fd7a38-e994-b056-025f-4b68bd7e74bb">
      <Execution id="3dd23ea3-808a-4ce7-aa67-b9977baecc05" />
      <TestMethod codeBase="C:\Integrations\S2Cognition.Integrations\S2Cognition.Integrations.Monday.Core.Tests\bin\Debug\net7.0\S2Cognition.Integrations.Monday.Core.Tests.dll" adapterTypeName="executor://xunit/VsTestRunner2/netcoreapp" className="S2Cognition.Integrations.Monday.Core.Tests.Internal.QueryOptionsTests" name="EnsureGetBoardCanReturnMinimums" />
    </UnitTest>
    <UnitTest name="S2Cognition.Integrations.Monday.Core.Tests.Internal.QueryOptionsTests.EnsureGetBoardsCanReturnMinimums" storage="c:\integrations\s2cognition.integrations\s2cognition.integrations.monday.core.tests\bin\debug\net7.0\s2cognition.integrations.monday.core.tests.dll" id="c2cd20d0-54ba-4173-27de-9e34dd6187a2">
      <Execution id="9ea20243-93a0-4004-9a42-fe45bba8a740" />
      <TestMethod codeBase="C:\Integrations\S2Cognition.Integrations\S2Cognition.Integrations.Monday.Core.Tests\bin\Debug\net7.0\S2Cognition.Integrations.Monday.Core.Tests.dll" adapterTypeName="executor://xunit/VsTestRunner2/netcoreapp" className="S2Cognition.Integrations.Monday.Core.Tests.Internal.QueryOptionsTests" name="EnsureGetBoardsCanReturnMinimums" />
    </UnitTest>
    <UnitTest name="S2Cognition.Integrations.Monday.Core.Tests.Internal.MondayUserTests.GetUser_Pass" storage="c:\integrations\s2cognition.integrations\s2cognition.integrations.monday.core.tests\bin\debug\net7.0\s2cognition.integrations.monday.core.tests.dll" id="21705279-1176-84a3-7593-433546a218f6">
      <Execution id="16c63899-4275-4641-92c9-011f2855303c" />
      <TestMethod codeBase="C:\Integrations\S2Cognition.Integrations\S2Cognition.Integrations.Monday.Core.Tests\bin\Debug\net7.0\S2Cognition.Integrations.Monday.Core.Tests.dll" adapterTypeName="executor://xunit/VsTestRunner2/netcoreapp" className="S2Cognition.Integrations.Monday.Core.Tests.Internal.MondayUserTests" name="GetUser_Pass" />
    </UnitTest>
    <UnitTest name="S2Cognition.Integrations.Monday.Core.Tests.Internal.MondayItemsTests.GetItem_Pass" storage="c:\integrations\s2cognition.integrations\s2cognition.integrations.monday.core.tests\bin\debug\net7.0\s2cognition.integrations.monday.core.tests.dll" id="6f70f028-4b1a-be4e-c821-5b04f77f1689">
      <Execution id="014df236-39ed-4a4e-9416-2326e74e8c7b" />
      <TestMethod codeBase="C:\Integrations\S2Cognition.Integrations\S2Cognition.Integrations.Monday.Core.Tests\bin\Debug\net7.0\S2Cognition.Integrations.Monday.Core.Tests.dll" adapterTypeName="executor://xunit/VsTestRunner2/netcoreapp" className="S2Cognition.Integrations.Monday.Core.Tests.Internal.MondayItemsTests" name="GetItem_Pass" />
    </UnitTest>
    <UnitTest name="S2Cognition.Integrations.Monday.Core.Tests.Internal.MondayGroupsTests.DeleteGroup_Pass" storage="c:\integrations\s2cognition.integrations\s2cognition.integrations.monday.core.tests\bin\debug\net7.0\s2cognition.integrations.monday.core.tests.dll" id="b2cf74ef-0af5-e7f1-61af-1a4383953923">
      <Execution id="a8e18ab1-d77c-476c-b19a-573435aa6111" />
      <TestMethod codeBase="C:\Integrations\S2Cognition.Integrations\S2Cognition.Integrations.Monday.Core.Tests\bin\Debug\net7.0\S2Cognition.Integrations.Monday.Core.Tests.dll" adapterTypeName="executor://xunit/VsTestRunner2/netcoreapp" className="S2Cognition.Integrations.Monday.Core.Tests.Internal.MondayGroupsTests" name="DeleteGroup_Pass" />
    </UnitTest>
    <UnitTest name="S2Cognition.Integrations.Monday.Core.Tests.Internal.QueryOptionsTests.EnsureGetTeamsWithNewQueryOptionsDefaultsToSameAsOriginalQuery" storage="c:\integrations\s2cognition.integrations\s2cognition.integrations.monday.core.tests\bin\debug\net7.0\s2cognition.integrations.monday.core.tests.dll" id="e9af5911-ac89-b1d9-f02f-d942b57cba23">
      <Execution id="b99daca3-ab17-4331-8a3f-fff20b6c7365" />
      <TestMethod codeBase="C:\Integrations\S2Cognition.Integrations\S2Cognition.Integrations.Monday.Core.Tests\bin\Debug\net7.0\S2Cognition.Integrations.Monday.Core.Tests.dll" adapterTypeName="executor://xunit/VsTestRunner2/netcoreapp" className="S2Cognition.Integrations.Monday.Core.Tests.Internal.QueryOptionsTests" name="EnsureGetTeamsWithNewQueryOptionsDefaultsToSameAsOriginalQuery" />
    </UnitTest>
    <UnitTest name="S2Cognition.Integrations.Monday.Core.Tests.Internal.MondayGroupsTests.UpdateItemGroup_Pass" storage="c:\integrations\s2cognition.integrations\s2cognition.integrations.monday.core.tests\bin\debug\net7.0\s2cognition.integrations.monday.core.tests.dll" id="85571e0c-41e0-2a36-b25a-34ddc2fba4c9">
      <Execution id="0c662930-d6aa-4f7a-bdda-687ca9988318" />
      <TestMethod codeBase="C:\Integrations\S2Cognition.Integrations\S2Cognition.Integrations.Monday.Core.Tests\bin\Debug\net7.0\S2Cognition.Integrations.Monday.Core.Tests.dll" adapterTypeName="executor://xunit/VsTestRunner2/netcoreapp" className="S2Cognition.Integrations.Monday.Core.Tests.Internal.MondayGroupsTests" name="UpdateItemGroup_Pass" />
    </UnitTest>
    <UnitTest name="S2Cognition.Integrations.Monday.Core.Tests.Internal.QueryOptionsTests.EnsureGetUsersCanReturnMinimums" storage="c:\integrations\s2cognition.integrations\s2cognition.integrations.monday.core.tests\bin\debug\net7.0\s2cognition.integrations.monday.core.tests.dll" id="b4784567-afa7-ed1d-3bc1-4928fe30a7c6">
      <Execution id="252ffd11-60dc-41af-a16a-57717079cdab" />
      <TestMethod codeBase="C:\Integrations\S2Cognition.Integrations\S2Cognition.Integrations.Monday.Core.Tests\bin\Debug\net7.0\S2Cognition.Integrations.Monday.Core.Tests.dll" adapterTypeName="executor://xunit/VsTestRunner2/netcoreapp" className="S2Cognition.Integrations.Monday.Core.Tests.Internal.QueryOptionsTests" name="EnsureGetUsersCanReturnMinimums" />
    </UnitTest>
    <UnitTest name="S2Cognition.Integrations.Monday.Core.Tests.Internal.MondayGroupsTests.GetGroups_Pass" storage="c:\integrations\s2cognition.integrations\s2cognition.integrations.monday.core.tests\bin\debug\net7.0\s2cognition.integrations.monday.core.tests.dll" id="6c79372e-ce76-4557-ad0c-f31c0d46e60d">
      <Execution id="2c255dbf-f321-45db-b687-e27638744b4e" />
      <TestMethod codeBase="C:\Integrations\S2Cognition.Integrations\S2Cognition.Integrations.Monday.Core.Tests\bin\Debug\net7.0\S2Cognition.Integrations.Monday.Core.Tests.dll" adapterTypeName="executor://xunit/VsTestRunner2/netcoreapp" className="S2Cognition.Integrations.Monday.Core.Tests.Internal.MondayGroupsTests" name="GetGroups_Pass" />
    </UnitTest>
  </TestDefinitions>
  <TestEntries>
    <TestEntry testId="9494a386-627a-d9e9-f044-8a9379f54cd7" executionId="97fdb99b-0072-4b54-a954-24626daf3183" testListId="8c84fa94-04c1-424b-9868-57a2d4851a1d" />
    <TestEntry testId="4020b962-22b9-9020-b548-6e681ed8f485" executionId="c1918d72-2867-4eed-be01-3b0ab19025f3" testListId="8c84fa94-04c1-424b-9868-57a2d4851a1d" />
    <TestEntry testId="4de8177c-a3ef-ef0e-c081-9ae3f23c7531" executionId="87836961-0a22-4933-8cf1-6bcb99cac5e6" testListId="8c84fa94-04c1-424b-9868-57a2d4851a1d" />
    <TestEntry testId="37321cf0-c01b-eed6-3d62-c68e4caefa2a" executionId="20ad385b-4e43-4b7f-b033-cc1a2e3a35e3" testListId="8c84fa94-04c1-424b-9868-57a2d4851a1d" />
    <TestEntry testId="699e6104-9a78-55e1-d40b-119cadc433c3" executionId="51327135-fbe3-44fe-9939-4f51fba677da" testListId="8c84fa94-04c1-424b-9868-57a2d4851a1d" />
    <TestEntry testId="7785283e-2fa2-577d-b099-0811bd86332e" executionId="207351fb-7077-4865-a359-5b16c3122193" testListId="8c84fa94-04c1-424b-9868-57a2d4851a1d" />
    <TestEntry testId="c4ed5dd6-97b8-f60b-60a1-3ed3850e6fa1" executionId="513273dd-b611-47bb-b586-14806fd344a2" testListId="8c84fa94-04c1-424b-9868-57a2d4851a1d" />
    <TestEntry testId="582bd4da-d563-0a40-db6b-689ff84cf20b" executionId="3272cd52-0a17-4c1a-b1c8-6e8192f51005" testListId="8c84fa94-04c1-424b-9868-57a2d4851a1d" />
    <TestEntry testId="a6be2696-0cfa-7509-97d1-769ed4f8bc42" executionId="6a8f3c96-416b-4c83-aba0-50a6f813cdf5" testListId="8c84fa94-04c1-424b-9868-57a2d4851a1d" />
    <TestEntry testId="b2cf74ef-0af5-e7f1-61af-1a4383953923" executionId="a8e18ab1-d77c-476c-b19a-573435aa6111" testListId="8c84fa94-04c1-424b-9868-57a2d4851a1d" />
    <TestEntry testId="f1227b7d-c8f7-8375-5cb6-1b981226c09d" executionId="357db305-e913-48e7-8a09-15fbe32d2e1b" testListId="8c84fa94-04c1-424b-9868-57a2d4851a1d" />
    <TestEntry testId="6772f89f-c983-ba69-e6fa-efff4c2a9593" executionId="aceadbcb-b7cd-45bf-8648-e8ea4303c9aa" testListId="8c84fa94-04c1-424b-9868-57a2d4851a1d" />
    <TestEntry testId="5e07aaee-af05-c07d-f2b3-414cd34710c1" executionId="e08bcfe0-fd4b-4d2b-b22c-0cbc63763493" testListId="8c84fa94-04c1-424b-9868-57a2d4851a1d" />
    <TestEntry testId="0989752e-4baa-5cb4-5a19-785a2f9a8b1c" executionId="3e0dae2e-0c63-4504-a3e4-a1d80913ed9f" testListId="8c84fa94-04c1-424b-9868-57a2d4851a1d" />
    <TestEntry testId="8687e80b-497d-c3e0-d1a0-623791adeab4" executionId="e2e4d2a7-18fa-4a2e-be14-bbdcbf658b96" testListId="8c84fa94-04c1-424b-9868-57a2d4851a1d" />
    <TestEntry testId="1e4cf267-2c9b-233b-e477-c77c4907d14b" executionId="1b6679a2-6a69-4e25-bbf4-cc8eb471b42c" testListId="8c84fa94-04c1-424b-9868-57a2d4851a1d" />
    <TestEntry testId="b0364036-532a-17f0-e240-4b2f7553b7e5" executionId="6ed118e1-46fd-4623-8216-a0b6538c5871" testListId="8c84fa94-04c1-424b-9868-57a2d4851a1d" />
    <TestEntry testId="e3d40a78-7398-4a22-fa97-68b3e9fe9d7e" executionId="ab28291c-2a1e-4f33-9193-020abd48c3ac" testListId="8c84fa94-04c1-424b-9868-57a2d4851a1d" />
    <TestEntry testId="002eaebf-a01f-d452-7b16-eb46be988df6" executionId="3a1a3a99-05bf-4ecc-a7aa-6db93de0c848" testListId="8c84fa94-04c1-424b-9868-57a2d4851a1d" />
    <TestEntry testId="286a79c1-cf38-10b2-3c66-6238db8d2e6b" executionId="4680bcb4-cfd1-4dd2-86e0-dc643002a2c3" testListId="8c84fa94-04c1-424b-9868-57a2d4851a1d" />
    <TestEntry testId="5acd4d80-5c98-c1e6-89be-c4543e302d25" executionId="5e321b52-7b21-4bef-ad34-024c0a7ef91e" testListId="8c84fa94-04c1-424b-9868-57a2d4851a1d" />
    <TestEntry testId="3aa2df7a-4bcf-30d2-3510-215610c27c6a" executionId="bee1993e-6dab-4272-a547-b867937f330d" testListId="8c84fa94-04c1-424b-9868-57a2d4851a1d" />
    <TestEntry testId="f40f4a10-7804-b0b1-19cc-183b8b6034d9" executionId="1a0f1eea-1235-410c-a490-2aabc6dfb3ab" testListId="8c84fa94-04c1-424b-9868-57a2d4851a1d" />
    <TestEntry testId="74274b9a-6c05-5e11-57f4-f07a126b1d72" executionId="0e28b32c-1873-49f4-a157-5141678c2914" testListId="8c84fa94-04c1-424b-9868-57a2d4851a1d" />
    <TestEntry testId="46c88540-33b2-2fcf-a4ea-24e23c1d5ff9" executionId="5187a66a-727c-440c-bea3-a85fbc9b7ccc" testListId="8c84fa94-04c1-424b-9868-57a2d4851a1d" />
    <TestEntry testId="29e39a12-0b1b-13ca-8d6c-998304c252ed" executionId="9fee4768-052b-46c2-99c5-a9fac55ac42b" testListId="8c84fa94-04c1-424b-9868-57a2d4851a1d" />
    <TestEntry testId="3cc1457a-7db2-e650-a582-3cc4ef74bd86" executionId="749f266a-6c26-4ab5-ac0f-4f1e3b4cf725" testListId="8c84fa94-04c1-424b-9868-57a2d4851a1d" />
    <TestEntry testId="fd5759ff-5cef-d692-26f2-712fc30c6007" executionId="5e971321-56a6-4e32-8829-a07e639daf1c" testListId="8c84fa94-04c1-424b-9868-57a2d4851a1d" />
    <TestEntry testId="a94027fb-8741-0358-60a0-79da4714131a" executionId="1d4086d5-15b3-4bd1-b77e-9997a3f3b6d2" testListId="8c84fa94-04c1-424b-9868-57a2d4851a1d" />
    <TestEntry testId="58de10b4-534b-6f18-2f4c-a723eb0766d0" executionId="3d48b0ea-7ba1-4a62-8dca-bc81bb097f84" testListId="8c84fa94-04c1-424b-9868-57a2d4851a1d" />
    <TestEntry testId="b7d3a67a-8e46-fe49-d504-31fe9e1a6693" executionId="380e40f3-ddf5-4111-a485-e103bd40ba01" testListId="8c84fa94-04c1-424b-9868-57a2d4851a1d" />
    <TestEntry testId="b4784567-afa7-ed1d-3bc1-4928fe30a7c6" executionId="252ffd11-60dc-41af-a16a-57717079cdab" testListId="8c84fa94-04c1-424b-9868-57a2d4851a1d" />
    <TestEntry testId="6e24f7c2-254d-33e4-faf1-26dea1d1bc54" executionId="2bbe41cb-3350-4a44-bfa7-7af2e6a32361" testListId="8c84fa94-04c1-424b-9868-57a2d4851a1d" />
    <TestEntry testId="37051fb3-77bb-cf2b-6c03-648a546869cc" executionId="7480ef7d-87d6-4034-989a-277b5fd52e8b" testListId="8c84fa94-04c1-424b-9868-57a2d4851a1d" />
    <TestEntry testId="6c79372e-ce76-4557-ad0c-f31c0d46e60d" executionId="2c255dbf-f321-45db-b687-e27638744b4e" testListId="8c84fa94-04c1-424b-9868-57a2d4851a1d" />
    <TestEntry testId="60fd7a38-e994-b056-025f-4b68bd7e74bb" executionId="3dd23ea3-808a-4ce7-aa67-b9977baecc05" testListId="8c84fa94-04c1-424b-9868-57a2d4851a1d" />
    <TestEntry testId="97c9bf93-e9b6-7153-32b6-e6a19e001765" executionId="26c9fe63-7c2a-4a3c-9c48-6f1aa61032d0" testListId="8c84fa94-04c1-424b-9868-57a2d4851a1d" />
    <TestEntry testId="c2cd20d0-54ba-4173-27de-9e34dd6187a2" executionId="9ea20243-93a0-4004-9a42-fe45bba8a740" testListId="8c84fa94-04c1-424b-9868-57a2d4851a1d" />
    <TestEntry testId="b6024c5e-cc9f-6000-9f44-e91bed693a04" executionId="f6ea825d-4ada-4c72-a9e5-0b9caff0559a" testListId="8c84fa94-04c1-424b-9868-57a2d4851a1d" />
    <TestEntry testId="6a7b4e50-2875-002c-db7c-87121ab38351" executionId="8ccf0c95-3897-4bb1-a296-69eefa6fb4a3" testListId="8c84fa94-04c1-424b-9868-57a2d4851a1d" />
    <TestEntry testId="85571e0c-41e0-2a36-b25a-34ddc2fba4c9" executionId="0c662930-d6aa-4f7a-bdda-687ca9988318" testListId="8c84fa94-04c1-424b-9868-57a2d4851a1d" />
    <TestEntry testId="7879c22d-f4bb-a045-6a39-bd0221cad0a9" executionId="a79ff6c8-f9fa-49b9-93d8-7d67df167d4f" testListId="8c84fa94-04c1-424b-9868-57a2d4851a1d" />
    <TestEntry testId="e9af5911-ac89-b1d9-f02f-d942b57cba23" executionId="b99daca3-ab17-4331-8a3f-fff20b6c7365" testListId="8c84fa94-04c1-424b-9868-57a2d4851a1d" />
    <TestEntry testId="e200f5e5-ea4d-ef93-2426-d0d7b0ec2c29" executionId="d679d7ce-8e40-4b94-803f-d6f6d667a685" testListId="8c84fa94-04c1-424b-9868-57a2d4851a1d" />
    <TestEntry testId="c72e751f-4715-ef7d-d196-f91200915af9" executionId="e15ab746-7edc-475f-a8c1-b918e01b8027" testListId="8c84fa94-04c1-424b-9868-57a2d4851a1d" />
    <TestEntry testId="f2e1c8e0-2aa8-c927-fab7-283c464add20" executionId="155345bd-b1af-4cb7-adc6-f531b8b5ef16" testListId="8c84fa94-04c1-424b-9868-57a2d4851a1d" />
    <TestEntry testId="83d01415-0376-964e-248c-a57968d4c4ba" executionId="cde8b631-0470-4601-b1e0-f4666db48548" testListId="8c84fa94-04c1-424b-9868-57a2d4851a1d" />
    <TestEntry testId="904befda-a066-d594-f096-7682165f1bea" executionId="6cbf5d39-9cbf-44d7-903a-bb491459eba6" testListId="8c84fa94-04c1-424b-9868-57a2d4851a1d" />
    <TestEntry testId="856bbfd7-07ce-4e80-13d9-f04e4e3755c8" executionId="3861862d-2429-44ef-9463-64f4230b489e" testListId="8c84fa94-04c1-424b-9868-57a2d4851a1d" />
    <TestEntry testId="b6298783-c9b1-ba27-491e-9e45d1b4abea" executionId="0478a6b7-1bcd-488d-b1ad-14f4d9afc86f" testListId="8c84fa94-04c1-424b-9868-57a2d4851a1d" />
    <TestEntry testId="7d34bcc7-299a-cd33-e29a-dd50b189da87" executionId="bbcc34da-42ba-4a7b-bcdb-10e5bf654a78" testListId="8c84fa94-04c1-424b-9868-57a2d4851a1d" />
    <TestEntry testId="3b41359e-553a-c4ee-01d7-ffa32d869aeb" executionId="e6ad0f61-0fed-4438-b088-f553ac7b1411" testListId="8c84fa94-04c1-424b-9868-57a2d4851a1d" />
    <TestEntry testId="6f70f028-4b1a-be4e-c821-5b04f77f1689" executionId="014df236-39ed-4a4e-9416-2326e74e8c7b" testListId="8c84fa94-04c1-424b-9868-57a2d4851a1d" />
    <TestEntry testId="ca8cc89b-95c4-4a59-05b6-133bc1edac9b" executionId="17059b17-bb84-4323-8a2f-cc659cd0f959" testListId="8c84fa94-04c1-424b-9868-57a2d4851a1d" />
    <TestEntry testId="e1d12073-8a41-eb5a-464c-27f8af3d47be" executionId="dbfec203-b9d8-43d8-8201-b1b842ea2002" testListId="8c84fa94-04c1-424b-9868-57a2d4851a1d" />
    <TestEntry testId="70e1e943-d839-5738-2e19-ede049e672ad" executionId="49577e46-d353-41f8-a503-5b7f525e17de" testListId="8c84fa94-04c1-424b-9868-57a2d4851a1d" />
    <TestEntry testId="21705279-1176-84a3-7593-433546a218f6" executionId="16c63899-4275-4641-92c9-011f2855303c" testListId="8c84fa94-04c1-424b-9868-57a2d4851a1d" />
    <TestEntry testId="8ed8a62c-d6e9-198e-ae0c-26687ea775fc" executionId="d990e58e-ecfc-4444-9d05-07bed1f7afe5" testListId="8c84fa94-04c1-424b-9868-57a2d4851a1d" />
    <TestEntry testId="c245435d-b0a3-64c2-7ed0-ff76f4852c23" executionId="bc52f9fd-0a79-413e-8e37-80c4da0a48f5" testListId="8c84fa94-04c1-424b-9868-57a2d4851a1d" />
    <TestEntry testId="670e15a2-2818-00a1-83de-8910400e8cfd" executionId="cd9154b7-afc2-4079-ba8e-947d13c7bb9d" testListId="8c84fa94-04c1-424b-9868-57a2d4851a1d" />
    <TestEntry testId="5ba5d283-3fc5-9bfc-7776-8e3e68851e24" executionId="ddf5ad00-0bb1-4c90-b31c-3f6e3f5fbb03" testListId="8c84fa94-04c1-424b-9868-57a2d4851a1d" />
    <TestEntry testId="5ff0fe88-c4c8-57d3-5b1a-3f39e1a69737" executionId="0ff7054d-31dc-44fe-8284-658c26aecc1a" testListId="8c84fa94-04c1-424b-9868-57a2d4851a1d" />
    <TestEntry testId="bf6d4cfe-f7f8-bda4-adec-4a809b3ae095" executionId="505eaaf8-f423-44f4-91d9-441a9b722f5c" testListId="8c84fa94-04c1-424b-9868-57a2d4851a1d" />
    <TestEntry testId="1f28150e-cea8-6a19-096e-e7f09fc4f033" executionId="6b5934f7-9928-4fe5-b325-8954bdd1899a" testListId="8c84fa94-04c1-424b-9868-57a2d4851a1d" />
  </TestEntries>
  <TestLists>
    <TestList name="Results Not in a List" id="8c84fa94-04c1-424b-9868-57a2d4851a1d" />
    <TestList name="All Loaded Results" id="19431567-8539-422a-85d7-44ee4e166bda" />
  </TestLists>
  <ResultSummary outcome="Completed">
    <Counters total="64" executed="64" passed="64" failed="0" error="0" timeout="0" aborted="0" inconclusive="0" passedButRunAborted="0" notRunnable="0" notExecuted="0" disconnected="0" warning="0" completed="0" inProgress="0" pending="0" />
    <Output>
      <StdOut>[xUnit.net 00:00:00.00] xUnit.net VSTest Adapter v2.4.5+1caef2f33e (64-bit .NET 7.0.1)&#xD;
[xUnit.net 00:00:00.58]   Discovering: S2Cognition.Integrations.Monday.Core.Tests&#xD;
[xUnit.net 00:00:00.62]   Discovered:  S2Cognition.Integrations.Monday.Core.Tests&#xD;
[xUnit.net 00:00:00.62]   Starting:    S2Cognition.Integrations.Monday.Core.Tests&#xD;
[xUnit.net 00:00:00.84]   Finished:    S2Cognition.Integrations.Monday.Core.Tests&#xD;
</StdOut>
    </Output>
  </ResultSummary>
</TestRun>